<html>
<body>
<pre>
<h1>礦ision Build Log</h1>
<h2>Tool Versions:</h2>
IDE-Version: μVision V5.30.0.0
Copyright (C) 2020 ARM Ltd and ARM Germany GmbH. All rights reserved.
License Information: Lin Lin, Lin, LIC=9WSKC-7RU3E-FW12N-YV1TU-7QG65-WI0TC
 
Tool Versions:
Toolchain:       MDK-ARM Plus  Version: 5.30.0.0
Toolchain Path:  D:\Keil5\ARM\ARMCC\Bin
C Compiler:      Armcc.exe V5.06 update 6 (build 750)
Assembler:       Armasm.exe V5.06 update 6 (build 750)
Linker/Locator:  ArmLink.exe V5.06 update 6 (build 750)
Library Manager: ArmAr.exe V5.06 update 6 (build 750)
Hex Converter:   FromElf.exe V5.06 update 6 (build 750)
CPU DLL:         SARMCM3.DLL V5.30.0.0
Dialog DLL:      DCM.DLL V1.17.3.0
Target DLL:      STLink\ST-LINKIII-KEIL_SWO.dll V3.0.7.0
Dialog DLL:      TCM.DLL V1.42.0.0
 
<h2>Project:</h2>
E:\个人\项目\第七届全国大学生工程训练综合能力竞赛\工程训练_STM32F4_Code\USER\CarProject.uvproj
Project File Date:  04/07/2021

<h2>Output:</h2>
*** Using Compiler 'V5.06 update 6 (build 750)', folder: 'D:\Keil5\ARM\ARMCC\Bin'
Build target 'CAR'
compiling main.c...
compiling pid.c...
compiling control.c...
compiling grasp.c...
compiling encoder.c...
compiling Lcd_Driver.c...
compiling find.c...
compiling GUI.c...
compiling robot_arm.c...
compiling delay.c...
compiling bluetooth.c...
compiling motor.c...
compiling sys.c...
compiling timer6.c...
compiling uart2.c...
compiling usart.c...
compiling timer7.c...
linking...
Program Size: Code=31880 RO-data=6744 RW-data=444 ZI-data=1652  
FromELF: creating hex file...
"..\OBJ\CarProject.axf" - 0 Error(s), 0 Warning(s).
Build Time Elapsed:  00:00:12
</pre>
</body>
</html>
