Component: ARM Compiler 5.06 update 6 (build 750) Tool: armlink [4d35ed]

==============================================================================

Section Cross References

    main.o(.text) refers to _printf_percent.o(.ARM.Collect$$_printf_percent$$00000000) for _printf_percent
    main.o(.text) refers to _printf_x.o(.ARM.Collect$$_printf_percent$$0000000C) for _printf_x
    main.o(.text) refers to _printf_hex_int.o(.text) for _printf_longlong_hex
    main.o(.text) refers to _printf_d.o(.ARM.Collect$$_printf_percent$$00000009) for _printf_d
    main.o(.text) refers to _printf_dec.o(.text) for _printf_int_dec
    main.o(.text) refers to misc.o(.text) for NVIC_PriorityGroupConfig
    main.o(.text) refers to delay.o(.text) for delay_init
    main.o(.text) refers to usart.o(.text) for uart_init
    main.o(.text) refers to lcd_driver.o(.text) for Lcd_Init
    main.o(.text) refers to find.o(.text) for Find_IO_Init
    main.o(.text) refers to motor.o(.text) for MOTO_GPIO_Config
    main.o(.text) refers to timer8.o(.text) for MOTOR_PWM_Init
    main.o(.text) refers to timer2.o(.text) for Encoder_Init_TIM2
    main.o(.text) refers to timer3.o(.text) for Encoder_Init_TIM3
    main.o(.text) refers to timer4.o(.text) for Encoder_Init_TIM4
    main.o(.text) refers to timer5.o(.text) for Encoder_Init_TIM5
    main.o(.text) refers to timer6.o(.text) for TIM6_Init
    main.o(.text) refers to timer7.o(.text) for TIM7_Init
    main.o(.text) refers to noretval__2printf.o(.text) for __2printf
    main.o(.text) refers to noretval__2sprintf.o(.text) for __2sprintf
    main.o(.text) refers to gui.o(.text) for Gui_DrawFont_GBK16
    main.o(.text) refers to control.o(.text) for Mode_Init
    main.o(.text) refers to stm32f4xx_usart.o(.text) for USART_SendData
    main.o(.text) refers to main.o(.data) for IS_USART1_RX_Success
    main.o(.text) refers to control.o(.data) for CAR_MODE
    main.o(.text) refers to pid.o(.data) for speed_target
    main.o(.text) refers to motor.o(.data) for MOTOR_PWM
    system_stm32f4xx.o(.text) refers to system_stm32f4xx.o(.data) for SystemCoreClock
    pid.o(.text) refers to pid.o(.data) for target
    control.o(.text) refers to find.o(.text) for Find_Get_Front
    control.o(.text) refers to motor.o(.text) for Car_Go
    control.o(.text) refers to stm32f4xx_usart.o(.text) for USART_SendData
    control.o(.text) refers to control.o(.data) for front_data
    control.o(.text) refers to find.o(.data) for FIND_DRIVER
    control.o(.text) refers to encoder.o(.text) for Read_Encoder
    control.o(.text) refers to pid.o(.text) for PID_Speed_Left_Front
    control.o(.text) refers to stm32f4xx_tim.o(.text) for TIM_GetITStatus
    control.o(.text) refers to encoder.o(.bss) for ENCODER_DATA
    control.o(.text) refers to motor.o(.data) for MOTOR_PWM
    gui.o(.text) refers to lcd_driver.o(.text) for Gui_DrawPoint
    gui.o(.text) refers to gui.o(.constdata) for asc16
    lcd_driver.o(.text) refers to stm32f4xx_rcc.o(.text) for RCC_AHB1PeriphClockCmd
    lcd_driver.o(.text) refers to stm32f4xx_gpio.o(.text) for GPIO_Init
    lcd_driver.o(.text) refers to delay.o(.text) for delay_ms
    qdtft_demo.o(.text) refers to lcd_driver.o(.text) for Lcd_Clear
    qdtft_demo.o(.text) refers to gui.o(.text) for Gui_DrawFont_GBK16
    qdtft_demo.o(.text) refers to delay.o(.text) for delay_ms
    qdtft_demo.o(.text) refers to qdtft_demo.o(.data) for Num
    qdtft_demo.o(.text) refers to qdtft_demo.o(.constdata) for gImage_qq
    find.o(.text) refers to _printf_percent.o(.ARM.Collect$$_printf_percent$$00000000) for _printf_percent
    find.o(.text) refers to _printf_d.o(.ARM.Collect$$_printf_percent$$00000009) for _printf_d
    find.o(.text) refers to _printf_dec.o(.text) for _printf_int_dec
    find.o(.text) refers to stm32f4xx_rcc.o(.text) for RCC_AHB1PeriphClockCmd
    find.o(.text) refers to stm32f4xx_gpio.o(.text) for GPIO_Init
    find.o(.text) refers to noretval__2printf.o(.text) for __2printf
    find.o(.text) refers to motor.o(.text) for Car_Go
    find.o(.text) refers to find.o(.data) for CURRENT_DIRATION
    motor.o(.text) refers to _printf_percent.o(.ARM.Collect$$_printf_percent$$00000000) for _printf_percent
    motor.o(.text) refers to _printf_d.o(.ARM.Collect$$_printf_percent$$00000009) for _printf_d
    motor.o(.text) refers to _printf_dec.o(.text) for _printf_int_dec
    motor.o(.text) refers to stm32f4xx_rcc.o(.text) for RCC_AHB1PeriphClockCmd
    motor.o(.text) refers to stm32f4xx_gpio.o(.text) for GPIO_Init
    motor.o(.text) refers to noretval__2printf.o(.text) for __2printf
    motor.o(.text) refers to motor.o(.data) for MOTOR_PWM
    delay.o(.text) refers to misc.o(.text) for SysTick_CLKSourceConfig
    delay.o(.text) refers to delay.o(.data) for fac_us
    usart.o(.rev16_text) refers (Special) to use_no_semi_2.o(.text) for __use_no_semihosting
    usart.o(.revsh_text) refers (Special) to use_no_semi_2.o(.text) for __use_no_semihosting
[...]
    .ARM.Collect$$libshutdown$$00000010      0x0800022c   Section        2  libshutdown2.o(.ARM.Collect$$libshutdown$$00000010)
    .ARM.Collect$$rtentry$$00000000          0x0800022e   Section        0  __rtentry.o(.ARM.Collect$$rtentry$$00000000)
    .ARM.Collect$$rtentry$$00000002          0x0800022e   Section        0  __rtentry2.o(.ARM.Collect$$rtentry$$00000002)
    .ARM.Collect$$rtentry$$00000004          0x0800022e   Section        6  __rtentry4.o(.ARM.Collect$$rtentry$$00000004)
    .ARM.Collect$$rtentry$$00000009          0x08000234   Section        0  __rtentry2.o(.ARM.Collect$$rtentry$$00000009)
    .ARM.Collect$$rtentry$$0000000A          0x08000234   Section        4  __rtentry2.o(.ARM.Collect$$rtentry$$0000000A)
    .ARM.Collect$$rtentry$$0000000C          0x08000238   Section        0  __rtentry2.o(.ARM.Collect$$rtentry$$0000000C)
    .ARM.Collect$$rtentry$$0000000D          0x08000238   Section        8  __rtentry2.o(.ARM.Collect$$rtentry$$0000000D)
    .ARM.Collect$$rtexit$$00000000           0x08000240   Section        2  rtexit.o(.ARM.Collect$$rtexit$$00000000)
    .ARM.Collect$$rtexit$$00000002           0x08000242   Section        0  rtexit2.o(.ARM.Collect$$rtexit$$00000002)
    .ARM.Collect$$rtexit$$00000003           0x08000242   Section        4  rtexit2.o(.ARM.Collect$$rtexit$$00000003)
    .ARM.Collect$$rtexit$$00000004           0x08000246   Section        6  rtexit2.o(.ARM.Collect$$rtexit$$00000004)
    .text                                    0x0800024c   Section        0  main.o(.text)
    .text                                    0x080004d0   Section        0  stm32f4xx_it.o(.text)
    .text                                    0x080004ec   Section        0  system_stm32f4xx.o(.text)
    SetSysClock                              0x080004ed   Thumb Code   220  system_stm32f4xx.o(.text)
    .text                                    0x080006fc   Section        0  pid.o(.text)
    .text                                    0x08000b60   Section        0  control.o(.text)
    .text                                    0x080013d4   Section        0  gui.o(.text)
    .text                                    0x08001d14   Section        0  lcd_driver.o(.text)
    .text                                    0x08002144   Section        0  encoder.o(.text)
    .text                                    0x080021ac   Section        0  find.o(.text)
    .text                                    0x08002508   Section        0  motor.o(.text)
    .text                                    0x08002934   Section        0  delay.o(.text)
    .text                                    0x08002a38   Section        0  usart.o(.text)
    .text                                    0x08002b94   Section        0  timer2.o(.text)
    .text                                    0x08002c70   Section        0  timer3.o(.text)
    .text                                    0x08002d38   Section        0  timer4.o(.text)
    .text                                    0x08002e04   Section        0  timer5.o(.text)
    .text                                    0x08002ed0   Section        0  timer6.o(.text)
    .text                                    0x08002f34   Section        0  timer7.o(.text)
    .text                                    0x08003044   Section        0  timer8.o(.text)
    .text                                    0x0800314c   Section       64  startup_stm32f40_41xxx.o(.text)
    $v0                                      0x0800314c   Number         0  startup_stm32f40_41xxx.o(.text)
    .text                                    0x0800318c   Section        0  misc.o(.text)
    .text                                    0x0800326c   Section        0  stm32f4xx_gpio.o(.text)
    .text                                    0x08003500   Section        0  stm32f4xx_usart.o(.text)
    .text                                    0x08003954   Section        0  stm32f4xx_tim.o(.text)
    TI4_Config                               0x080040f3   Thumb Code    80  stm32f4xx_tim.o(.text)
    TI3_Config                               0x08004155   Thumb Code    72  stm32f4xx_tim.o(.text)
    TI2_Config                               0x080041b7   Thumb Code    90  stm32f4xx_tim.o(.text)
    TI1_Config                               0x08004223   Thumb Code    58  stm32f4xx_tim.o(.text)
    .text                                    0x080045f8   Section        0  stm32f4xx_rcc.o(.text)
    .text                                    0x08004c54   Section        2  use_no_semi_2.o(.text)
    .text                                    0x08004c58   Section        0  noretval__2printf.o(.text)
    .text                                    0x08004c70   Section        0  noretval__2sprintf.o(.text)
    .text                                    0x08004c98   Section        0  _printf_dec.o(.text)
    .text                                    0x08004d10   Section        0  _printf_hex_int.o(.text)
    .text                                    0x08004d68   Section        0  __printf_wp.o(.text)
    .text                                    0x08004e76   Section        0  heapauxi.o(.text)
    .text                                    0x08004e7c   Section        2  use_no_semi.o(.text)
    .text                                    0x08004e7e   Section        0  _printf_intcommon.o(.text)
    .text                                    0x08004f30   Section        0  _printf_fp_dec.o(.text)
    _fp_digits                               0x08004f33   Thumb Code   432  _printf_fp_dec.o(.text)
    .text                                    0x08005350   Section        0  _printf_char_common.o(.text)
    _printf_input_char                       0x08005351   Thumb Code    10  _printf_char_common.o(.text)
    .text                                    0x08005380   Section        0  _sputc.o(.text)
    .text                                    0x0800538c   Section        0  _printf_char_file.o(.text)
    .text                                    0x080053b0   Section        8  rt_locale_intlibspace.o(.text)
    .text                                    0x080053b8   Section      138  lludiv10.o(.text)
    .text                                    0x08005444   Section        0  _printf_fp_infnan.o(.text)
    .text                                    0x080054c4   Section        0  bigflt0.o(.text)
    .text                                    0x080055a8   Section        0  ferror.o(.text)
    .text                                    0x080055b0   Section        8  libspace.o(.text)
    .text                                    0x080055b8   Section       74  sys_stackheap_outer.o(.text)
    .text                                    0x08005602   Section        0  exit.o(.text)
    .text                                    0x08005614   Section      128  strcmpv7m.o(.text)
    CL$$btod_d2e                             0x08005694   Section       62  btod.o(CL$$btod_d2e)
    CL$$btod_d2e_denorm_low                  0x080056d2   Section       70  btod.o(CL$$btod_d2e_denorm_low)
    CL$$btod_d2e_norm_op1                    0x08005718   Section       96  btod.o(CL$$btod_d2e_norm_op1)
    CL$$btod_div_common                      0x08005778   Section      824  btod.o(CL$$btod_div_common)
    CL$$btod_e2e                             0x08005ab0   Section      220  btod.o(CL$$btod_e2e)
    CL$$btod_ediv                            0x08005b8c   Section       42  btod.o(CL$$btod_ediv)
    CL$$btod_emul                            0x08005bb6   Section       42  btod.o(CL$$btod_emul)
    CL$$btod_mult_common                     0x08005be0   Section      580  btod.o(CL$$btod_mult_common)
    i.__ARM_fpclassify                       0x08005e24   Section        0  fpclassify.o(i.__ARM_fpclassify)
    i._is_digit                              0x08005e54   Section        0  __printf_wp.o(i._is_digit)
    locale$$code                             0x08005e64   Section       44  lc_numeric_c.o(locale$$code)
    x$fpl$dretinf                            0x08005e90   Section       12  dretinf.o(x$fpl$dretinf)
    $v0                                      0x08005e90   Number         0  dretinf.o(x$fpl$dretinf)
    x$fpl$f2d                                0x08005e9c   Section       86  f2d.o(x$fpl$f2d)
    $v0                                      0x08005e9c   Number         0  f2d.o(x$fpl$f2d)
    x$fpl$fnaninf                            0x08005ef2   Section      140  fnaninf.o(x$fpl$fnaninf)
    $v0                                      0x08005ef2   Number         0  fnaninf.o(x$fpl$fnaninf)
    x$fpl$fpinit                             0x08005f7e   Section       10  fpinit.o(x$fpl$fpinit)
    $v0                                      0x08005f7e   Number         0  fpinit.o(x$fpl$fpinit)
    x$fpl$printf1                            0x08005f88   Section        4  printf1.o(x$fpl$printf1)
    $v0                                      0x08005f88   Number         0  printf1.o(x$fpl$printf1)
    .constdata                               0x08005f8c   Section     6616  gui.o(.constdata)
    x$fpl$usenofp                            0x08005f8c   Section        0  usenofp.o(x$fpl$usenofp)
    asc16                                    0x08005f8c   Data        1521  gui.o(.constdata)
    sz32                                     0x0800657d   Data        1921  gui.o(.constdata)
    hz16                                     0x08006cfe   Data        1768  gui.o(.constdata)
    hz24                                     0x080073e6   Data        1406  gui.o(.constdata)
    .constdata                               0x08007964   Section       40  _printf_hex_int.o(.constdata)
    uc_hextab                                0x08007964   Data          20  _printf_hex_int.o(.constdata)
    lc_hextab                                0x08007978   Data          20  _printf_hex_int.o(.constdata)
    .constdata                               0x0800798c   Section      148  bigflt0.o(.constdata)
    tenpwrs_x                                0x0800798c   Data          60  bigflt0.o(.constdata)
    tenpwrs_i                                0x080079c8   Data          64  bigflt0.o(.constdata)
    locale$$data                             0x08007a40   Section       28  lc_numeric_c.o(locale$$data)
    __lcnum_c_name                           0x08007a44   Data           2  lc_numeric_c.o(locale$$data)
    __lcnum_c_start                          0x08007a4c   Data           0  lc_numeric_c.o(locale$$data)
    __lcnum_c_point                          0x08007a58   Data           0  lc_numeric_c.o(locale$$data)
    __lcnum_c_thousands                      0x08007a5a   Data           0  lc_numeric_c.o(locale$$data)
    __lcnum_c_grouping                       0x08007a5b   Data           0  lc_numeric_c.o(locale$$data)
    __lcnum_c_end                            0x08007a5c   Data           0  lc_numeric_c.o(locale$$data)
    .data                                    0x20000000   Section       25  main.o(.data)
    .data                                    0x2000001c   Section       20  system_stm32f4xx.o(.data)
    .data                                    0x20000030   Section      164  pid.o(.data)
    Last_Bias                                0x20000084   Data           4  pid.o(.data)
    Integration                              0x20000088   Data           4  pid.o(.data)
    Balance_Integration                      0x2000008c   Data           4  pid.o(.data)
    Flag_Target                              0x20000090   Data           4  pid.o(.data)
    Last_Bias                                0x20000094   Data           4  pid.o(.data)
    Integration                              0x20000098   Data           4  pid.o(.data)
    Balance_Integration                      0x2000009c   Data           4  pid.o(.data)
    Flag_Target                              0x200000a0   Data           4  pid.o(.data)
    Last_Bias                                0x200000a4   Data           4  pid.o(.data)
    Integration                              0x200000a8   Data           4  pid.o(.data)
    Balance_Integration                      0x200000ac   Data           4  pid.o(.data)
    Last_Bias                                0x200000b0   Data           4  pid.o(.data)
    Integration                              0x200000b4   Data           4  pid.o(.data)
    Balance_Integration                      0x200000b8   Data           4  pid.o(.data)
    Last_Bias                                0x200000bc   Data           4  pid.o(.data)
    Integration                              0x200000c0   Data           4  pid.o(.data)
    Balance_Integration                      0x200000c4   Data           4  pid.o(.data)
    Last_Bias                                0x200000c8   Data           4  pid.o(.data)
    Integration                              0x200000cc   Data           4  pid.o(.data)
    Balance_Integration                      0x200000d0   Data           4  pid.o(.data)
    .data                                    0x200000d4   Section        8  control.o(.data)
    .data                                    0x200000dc   Section        2  find.o(.data)
    .data                                    0x200000e0   Section       20  motor.o(.data)
    .data                                    0x200000f4   Section        4  delay.o(.data)
    fac_us                                   0x200000f4   Data           1  delay.o(.data)
    fac_ms                                   0x200000f6   Data           2  delay.o(.data)
    .data                                    0x200000f8   Section        9  usart.o(.data)
    data_index                               0x200000fe   Data           1  usart.o(.data)
    last_data                                0x200000ff   Data           1  usart.o(.data)
    last_last_data                           0x20000100   Data           1  usart.o(.data)
    .data                                    0x20000101   Section       16  stm32f4xx_rcc.o(.data)
    APBAHBPrescTable                         0x20000101   Data          16  stm32f4xx_rcc.o(.data)
    .bss                                     0x20000114   Section       16  encoder.o(.bss)
    .bss                                     0x20000124   Section       96  libspace.o(.bss)
    HEAP                                     0x20000188   Section      512  startup_stm32f40_41xxx.o(HEAP)
    Heap_Mem                                 0x20000188   Data         512  startup_stm32f40_41xxx.o(HEAP)
    STACK                                    0x20000388   Section     1024  startup_stm32f40_41xxx.o(STACK)
    Stack_Mem                                0x20000388   Data        1024  startup_stm32f40_41xxx.o(STACK)
    __initial_sp                             0x20000788   Data           0  startup_stm32f40_41xxx.o(STACK)

    Global Symbols

    Symbol Name                              Value     Ov Type        Size  Object(Section)

    BuildAttributes$$THM_ISAv4$E$P$D$K$B$S$7EM$VFPi3$EXTD16$VFPS$VFMA$PE$A:L22UL41UL21$X:L11$S22US41US21$IEEE1$IW$USESV6$~STKCKD$USESV7$~SHL$OTIME$ROPI$IEEEJ$EBA8$UX$STANDARDLIB$REQ8$PRES8$EABIv2 0x00000000   Number         0  anon$$obj.o ABSOLUTE
    __ARM_use_no_argv                        0x00000000   Number         0  main.o ABSOLUTE
    _printf_flags                            0x00000000   Number         0  printf_stubs.o ABSOLUTE
    _printf_return_value                     0x00000000   Number         0  printf_stubs.o ABSOLUTE
    _printf_sizespec                         0x00000000   Number         0  printf_stubs.o ABSOLUTE
    _printf_widthprec                        0x00000000   Number         0  printf_stubs.o ABSOLUTE
    __ARM_exceptions_init                     - Undefined Weak Reference
    __alloca_initialize                       - Undefined Weak Reference
    __arm_preinit_                            - Undefined Weak Reference
    __cpp_initialize__aeabi_                  - Undefined Weak Reference
    __cxa_finalize                            - Undefined Weak Reference
    __sigvec_lookup                           - Undefined Weak Reference
    _atexit_init                              - Undefined Weak Reference
    _call_atexit_fns                          - Undefined Weak Reference
    _clock_init                               - Undefined Weak Reference
    _fp_trap_init                             - Undefined Weak Reference
    _fp_trap_shutdown                         - Undefined Weak Reference
    _get_lc_collate                           - Undefined Weak Reference
    _get_lc_ctype                             - Undefined Weak Reference
    _get_lc_monetary                          - Undefined Weak Reference
    _get_lc_time                              - Undefined Weak Reference
    _getenv_init                              - Undefined Weak Reference
    _handle_redirection                       - Undefined Weak Reference
    _init_alloc                               - Undefined Weak Reference
    _init_user_alloc                          - Undefined Weak Reference
    _initio                                   - Undefined Weak Reference
    _mutex_acquire                            - Undefined Weak Reference
    _mutex_release                            - Undefined Weak Reference
    _printf_post_padding                      - Undefined Weak Reference
    _printf_pre_padding                       - Undefined Weak Reference
    _printf_truncate_signed                   - Undefined Weak Reference
    _printf_truncate_unsigned                 - Undefined Weak Reference
    _rand_init                                - Undefined Weak Reference
    _signal_finish                            - Undefined Weak Reference
    _signal_init                              - Undefined Weak Reference
    _terminate_alloc                          - Undefined Weak Reference
    _terminate_user_alloc                     - Undefined Weak Reference
    _terminateio                              - Undefined Weak Reference
    __Vectors_Size                           0x00000188   Number         0  startup_stm32f40_41xxx.o ABSOLUTE
    __Vectors                                0x08000000   Data           4  startup_stm32f40_41xxx.o(RESET)
    __Vectors_End                            0x08000188   Data           0  startup_stm32f40_41xxx.o(RESET)
    __main                                   0x08000189   Thumb Code     8  __main.o(!!!main)
    __scatterload                            0x08000191   Thumb Code     0  __scatter.o(!!!scatter)
    __scatterload_rt2                        0x08000191   Thumb Code    44  __scatter.o(!!!scatter)
    __scatterload_rt2_thumb_only             0x08000191   Thumb Code     0  __scatter.o(!!!scatter)
    __scatterload_null                       0x0800019f   Thumb Code     0  __scatter.o(!!!scatter)
    __scatterload_copy                       0x080001c5   Thumb Code    26  __scatter_copy.o(!!handler_copy)
    __scatterload_zeroinit                   0x080001e1   Thumb Code    28  __scatter_zi.o(!!handler_zi)
    _printf_f                                0x080001fd   Thumb Code     0  _printf_f.o(.ARM.Collect$$_printf_percent$$00000003)
    _printf_percent                          0x080001fd   Thumb Code     0  _printf_percent.o(.ARM.Collect$$_printf_percent$$00000000)
    _printf_d                                0x08000203   Thumb Code     0  _printf_d.o(.ARM.Collect$$_printf_percent$$00000009)
    _printf_x                                0x08000209   Thumb Code     0  _printf_x.o(.ARM.Collect$$_printf_percent$$0000000C)
    _printf_percent_end                      0x0800020f   Thumb Code     0  _printf_percent_end.o(.ARM.Collect$$_printf_percent$$00000017)
    __rt_lib_init                            0x08000213   Thumb Code     0  libinit.o(.ARM.Collect$$libinit$$00000000)
    __rt_lib_init_fp_1                       0x08000215   Thumb Code     0  libinit2.o(.ARM.Collect$$libinit$$00000001)
    __rt_lib_init_heap_1                     0x08000219   Thumb Code     0  libinit2.o(.ARM.Collect$$libinit$$0000000A)
    __rt_lib_init_lc_common                  0x08000219   Thumb Code     0  libinit2.o(.ARM.Collect$$libinit$$0000000F)
    __rt_lib_init_preinit_1                  0x08000219   Thumb Code     0  libinit2.o(.ARM.Collect$$libinit$$00000004)
    __rt_lib_init_rand_1                     0x08000219   Thumb Code     0  libinit2.o(.ARM.Collect$$libinit$$0000000E)
    __rt_lib_init_user_alloc_1               0x08000219   Thumb Code     0  libinit2.o(.ARM.Collect$$libinit$$0000000C)
    __rt_lib_init_lc_collate_1               0x0800021f   Thumb Code     0  libinit2.o(.ARM.Collect$$libinit$$00000011)
    __rt_lib_init_lc_ctype_1                 0x0800021f   Thumb Code     0  libinit2.o(.ARM.Collect$$libinit$$00000013)
    __rt_lib_init_lc_monetary_1              0x0800021f   Thumb Code     0  libinit2.o(.ARM.Collect$$libinit$$00000015)
    __rt_lib_init_lc_numeric_2               0x0800021f   Thumb Code     0  libinit2.o(.ARM.Collect$$libinit$$00000016)
    __rt_lib_init_alloca_1                   0x08000229   Thumb Code     0  libinit2.o(.ARM.Collect$$libinit$$0000002E)
    __rt_lib_init_argv_1                     0x08000229   Thumb Code     0  libinit2.o(.ARM.Collect$$libinit$$0000002C)
    __rt_lib_init_atexit_1                   0x08000229   Thumb Code     0  libinit2.o(.ARM.Collect$$libinit$$0000001B)
    __rt_lib_init_clock_1                    0x08000229   Thumb Code     0  libinit2.o(.ARM.Collect$$libinit$$00000021)
    __rt_lib_init_cpp_1                      0x08000229   Thumb Code     0  libinit2.o(.ARM.Collect$$libinit$$00000032)
    __rt_lib_init_exceptions_1               0x08000229   Thumb Code     0  libinit2.o(.ARM.Collect$$libinit$$00000030)
    __rt_lib_init_fp_trap_1                  0x08000229   Thumb Code     0  libinit2.o(.ARM.Collect$$libinit$$0000001F)
    __rt_lib_init_getenv_1                   0x08000229   Thumb Code     0  libinit2.o(.ARM.Collect$$libinit$$00000023)
    __rt_lib_init_lc_numeric_1               0x08000229   Thumb Code     0  libinit2.o(.ARM.Collect$$libinit$$00000017)
    __rt_lib_init_lc_time_1                  0x08000229   Thumb Code     0  libinit2.o(.ARM.Collect$$libinit$$00000019)
    __rt_lib_init_return                     0x08000229   Thumb Code     0  libinit2.o(.ARM.Collect$$libinit$$00000033)
    __rt_lib_init_signal_1                   0x08000229   Thumb Code     0  libinit2.o(.ARM.Collect$$libinit$$0000001D)
    __rt_lib_init_stdio_1                    0x08000229   Thumb Code     0  libinit2.o(.ARM.Collect$$libinit$$00000025)
    __rt_lib_shutdown                        0x0800022b   Thumb Code     0  libshutdown.o(.ARM.Collect$$libshutdown$$00000000)
    __rt_lib_shutdown_cpp_1                  0x0800022d   Thumb Code     0  libshutdown2.o(.ARM.Collect$$libshutdown$$00000002)
    __rt_lib_shutdown_fp_trap_1              0x0800022d   Thumb Code     0  libshutdown2.o(.ARM.Collect$$libshutdown$$00000007)
    __rt_lib_shutdown_heap_1                 0x0800022d   Thumb Code     0  libshutdown2.o(.ARM.Collect$$libshutdown$$0000000F)
    __rt_lib_shutdown_return                 0x0800022d   Thumb Code     0  libshutdown2.o(.ARM.Collect$$libshutdown$$00000010)
    __rt_lib_shutdown_signal_1               0x0800022d   Thumb Code     0  libshutdown2.o(.ARM.Collect$$libshutdown$$0000000A)
    __rt_lib_shutdown_stdio_1                0x0800022d   Thumb Code     0  libshutdown2.o(.ARM.Collect$$libshutdown$$00000004)
    __rt_lib_shutdown_user_alloc_1           0x0800022d   Thumb Code     0  libshutdown2.o(.ARM.Collect$$libshutdown$$0000000C)
    __rt_entry                               0x0800022f   Thumb Code     0  __rtentry.o(.ARM.Collect$$rtentry$$00000000)
    __rt_entry_presh_1                       0x0800022f   Thumb Code     0  __rtentry2.o(.ARM.Collect$$rtentry$$00000002)
    __rt_entry_sh                            0x0800022f   Thumb Code     0  __rtentry4.o(.ARM.Collect$$rtentry$$00000004)
    __rt_entry_li                            0x08000235   Thumb Code     0  __rtentry2.o(.ARM.Collect$$rtentry$$0000000A)
    __rt_entry_postsh_1                      0x08000235   Thumb Code     0  __rtentry2.o(.ARM.Collect$$rtentry$$00000009)
    __rt_entry_main                          0x08000239   Thumb Code     0  __rtentry2.o(.ARM.Collect$$rtentry$$0000000D)
    __rt_entry_postli_1                      0x08000239   Thumb Code     0  __rtentry2.o(.ARM.Collect$$rtentry$$0000000C)
    __rt_exit                                0x08000241   Thumb Code     0  rtexit.o(.ARM.Collect$$rtexit$$00000000)
    __rt_exit_ls                             0x08000243   Thumb Code     0  rtexit2.o(.ARM.Collect$$rtexit$$00000003)
    __rt_exit_prels_1                        0x08000243   Thumb Code     0  rtexit2.o(.ARM.Collect$$rtexit$$00000002)
    __rt_exit_exit                           0x08000247   Thumb Code     0  rtexit2.o(.ARM.Collect$$rtexit$$00000004)
    main                                     0x0800024d   Thumb Code   574  main.o(.text)
    NMI_Handler                              0x080004d1   Thumb Code     2  stm32f4xx_it.o(.text)
    HardFault_Handler                        0x080004d3   Thumb Code     4  stm32f4xx_it.o(.text)
    MemManage_Handler                        0x080004d7   Thumb Code     4  stm32f4xx_it.o(.text)
    BusFault_Handler                         0x080004db   Thumb Code     4  stm32f4xx_it.o(.text)
    UsageFault_Handler                       0x080004df   Thumb Code     4  stm32f4xx_it.o(.text)
    SVC_Handler                              0x080004e3   Thumb Code     2  stm32f4xx_it.o(.text)
    DebugMon_Handler                         0x080004e5   Thumb Code     2  stm32f4xx_it.o(.text)
    PendSV_Handler                           0x080004e7   Thumb Code     2  stm32f4xx_it.o(.text)
    SysTick_Handler                          0x080004e9   Thumb Code     2  stm32f4xx_it.o(.text)
    SystemInit                               0x080005c9   Thumb Code    88  system_stm32f4xx.o(.text)
    SystemCoreClockUpdate                    0x08000621   Thumb Code   174  system_stm32f4xx.o(.text)
    balanceX                                 0x080006fd   Thumb Code   234  pid.o(.text)
    balanceY                                 0x080007e7   Thumb Code   234  pid.o(.text)
    PID_Speed_Left_Front                     0x080008d1   Thumb Code   120  pid.o(.text)
    PID_Speed_Left_Behind                    0x08000949   Thumb Code   120  pid.o(.text)
    PID_Speed_Right_Front                    0x080009c1   Thumb Code   120  pid.o(.text)
    PID_Speed_Right_Behind                   0x08000a39   Thumb Code   120  pid.o(.text)
    Mode_Area3_To_Area2                      0x08000b61   Thumb Code   340  control.o(.text)
    Mode_Area2_To_Area3                      0x08000cb5   Thumb Code   384  control.o(.text)
    Mode_Area2_To_Area1                      0x08000e35   Thumb Code   240  control.o(.text)
    Mode_Area1_To_Area2                      0x08000f25   Thumb Code   286  control.o(.text)
    Mode_Go_Area1                            0x08001043   Thumb Code   336  control.o(.text)
    Mode_Start                               0x08001193   Thumb Code    82  control.o(.text)
    TIM6_DAC_IRQHandler                      0x080011e5   Thumb Code    84  control.o(.text)
    Mode_Area3_2_Back                        0x08001239   Thumb Code   386  control.o(.text)
    Mode_Init                                0x080013bb   Thumb Code    14  control.o(.text)
    LCD_BGR2RGB                              0x080013d5   Thumb Code    26  gui.o(.text)
    Gui_Circle                               0x080013ef   Thumb Code   300  gui.o(.text)
    Gui_DrawLine                             0x0800151b   Thumb Code   186  gui.o(.text)
    Gui_box                                  0x080015d5   Thumb Code   188  gui.o(.text)
    Gui_box2                                 0x08001691   Thumb Code   386  gui.o(.text)
    DisplayButtonDown                        0x08001813   Thumb Code   130  gui.o(.text)
    DisplayButtonUp                          0x08001895   Thumb Code   130  gui.o(.text)
    Gui_DrawFont_GBK16                       0x08001917   Thumb Code   394  gui.o(.text)
    Gui_DrawFont_GBK24                       0x08001aa1   Thumb Code   486  gui.o(.text)
    Gui_DrawFont_Num32                       0x08001c87   Thumb Code   124  gui.o(.text)
    LCD_GPIO_Init                            0x08001d15   Thumb Code    70  lcd_driver.o(.text)
    SPI_WriteData                            0x08001d5b   Thumb Code    58  lcd_driver.o(.text)
    LCD_WriteData_16Bit                      0x08001d95   Thumb Code    44  lcd_driver.o(.text)
    Lcd_WriteIndex                           0x08001dc1   Thumb Code    36  lcd_driver.o(.text)
    Lcd_WriteData                            0x08001de5   Thumb Code    38  lcd_driver.o(.text)
    Lcd_SetRegion                            0x08001e0b   Thumb Code    82  lcd_driver.o(.text)
    Lcd_Clear                                0x08001e5d   Thumb Code    50  lcd_driver.o(.text)
    Lcd_Reset                                0x08001e8f   Thumb Code    32  lcd_driver.o(.text)
    Lcd_Init                                 0x08001eaf   Thumb Code   554  lcd_driver.o(.text)
    Lcd_WriteReg                             0x080020d9   Thumb Code    20  lcd_driver.o(.text)
    Lcd_SetXY                                0x080020ed   Thumb Code    20  lcd_driver.o(.text)
    Gui_DrawPoint                            0x08002101   Thumb Code    44  lcd_driver.o(.text)
    Lcd_ReadPoint                            0x0800212d   Thumb Code    24  lcd_driver.o(.text)
    Read_Encoder                             0x08002145   Thumb Code    90  encoder.o(.text)
    Find_IO_Init                             0x080021ad   Thumb Code    64  find.o(.text)
    Find_Test                                0x080021ed   Thumb Code   172  find.o(.text)
    Find_Get_Front                           0x08002299   Thumb Code   108  find.o(.text)
    Find_Get_Right                           0x08002305   Thumb Code   102  find.o(.text)
    Car_Continue                             0x0800236b   Thumb Code    52  find.o(.text)
    Find                                     0x0800239f   Thumb Code   310  find.o(.text)
    Stop_Find                                0x080024d5   Thumb Code    12  find.o(.text)
    MOTO_GPIO_Config                         0x08002509   Thumb Code    58  motor.o(.text)
    Set_MOTOR_Left_Front                     0x08002543   Thumb Code    64  motor.o(.text)
    Set_MOTOR_Left_Behind                    0x08002583   Thumb Code    64  motor.o(.text)
    Set_MOTOR_Right_Front                    0x080025c3   Thumb Code    64  motor.o(.text)
    Set_MOTOR_Right_Behind                   0x08002603   Thumb Code    64  motor.o(.text)
    Car_Go                                   0x08002643   Thumb Code    28  motor.o(.text)
    Car_Back                                 0x0800265f   Thumb Code    28  motor.o(.text)
    Car_Go_Right                             0x0800267b   Thumb Code    28  motor.o(.text)
    Car_Go_Left                              0x08002697   Thumb Code    28  motor.o(.text)
    Car_Stop                                 0x080026b3   Thumb Code    28  motor.o(.text)
    Car_Right_Front                          0x080026cf   Thumb Code    28  motor.o(.text)
    Car_Left_Front                           0x080026eb   Thumb Code    28  motor.o(.text)
    Car_Raw_Left                             0x08002707   Thumb Code    28  motor.o(.text)
    Car_Raw_Right                            0x08002723   Thumb Code    28  motor.o(.text)
    Car_Turn                                 0x0800273f   Thumb Code    28  motor.o(.text)
    MOTOR_Speed_Up                           0x0800275b   Thumb Code    52  motor.o(.text)
    MOTOR_Speed_Down                         0x0800278f   Thumb Code    52  motor.o(.text)
    MOTOR_PWM_Out                            0x080027c3   Thumb Code    94  motor.o(.text)
    Calc_Motor_PWM                           0x08002821   Thumb Code   276  motor.o(.text)
    delay_init                               0x08002935   Thumb Code    52  delay.o(.text)
    delay_us                                 0x08002969   Thumb Code    72  delay.o(.text)
    delay_xms                                0x080029b1   Thumb Code    72  delay.o(.text)
    delay_ms                                 0x080029f9   Thumb Code    56  delay.o(.text)
    _sys_exit                                0x08002a39   Thumb Code     6  usart.o(.text)
    fputc                                    0x08002a3f   Thumb Code    22  usart.o(.text)
    uart_init                                0x08002a55   Thumb Code   172  usart.o(.text)
    USART1_IRQHandler                        0x08002b01   Thumb Code   116  usart.o(.text)
    Encoder_Init_TIM2                        0x08002b95   Thumb Code   190  timer2.o(.text)
    TIM2_IRQHandler                          0x08002c53   Thumb Code    22  timer2.o(.text)
    Encoder_Init_TIM3                        0x08002c71   Thumb Code   168  timer3.o(.text)
    TIM3_IRQHandler                          0x08002d19   Thumb Code    22  timer3.o(.text)
    Encoder_Init_TIM4                        0x08002d39   Thumb Code   174  timer4.o(.text)
    TIM4_IRQHandler                          0x08002de7   Thumb Code    22  timer4.o(.text)
    Encoder_Init_TIM5                        0x08002e05   Thumb Code   174  timer5.o(.text)
    TIM5_IRQHandler                          0x08002eb3   Thumb Code    22  timer5.o(.text)
    TIM6_Init                                0x08002ed1   Thumb Code    94  timer6.o(.text)
    TIM7_Init                                0x08002f35   Thumb Code    94  timer7.o(.text)
    TIM7_IRQHandler                          0x08002f93   Thumb Code   110  timer7.o(.text)
    MOTOR_PWM_Init                           0x08003045   Thumb Code   256  timer8.o(.text)
    Reset_Handler                            0x0800314d   Thumb Code     8  startup_stm32f40_41xxx.o(.text)
    ADC_IRQHandler                           0x08003167   Thumb Code     0  startup_stm32f40_41xxx.o(.text)
    CAN1_RX0_IRQHandler                      0x08003167   Thumb Code     0  startup_stm32f40_41xxx.o(.text)
    CAN1_RX1_IRQHandler                      0x08003167   Thumb Code     0  startup_stm32f40_41xxx.o(.text)
    CAN1_SCE_IRQHandler                      0x08003167   Thumb Code     0  startup_stm32f40_41xxx.o(.text)
    CAN1_TX_IRQHandler                       0x08003167   Thumb Code     0  startup_stm32f40_41xxx.o(.text)
    CAN2_RX0_IRQHandler                      0x08003167   Thumb Code     0  startup_stm32f40_41xxx.o(.text)
    CAN2_RX1_IRQHandler                      0x08003167   Thumb Code     0  startup_stm32f40_41xxx.o(.text)
    CAN2_SCE_IRQHandler                      0x08003167   Thumb Code     0  startup_stm32f40_41xxx.o(.text)
    CAN2_TX_IRQHandler                       0x08003167   Thumb Code     0  startup_stm32f40_41xxx.o(.text)
    CRYP_IRQHandler                          0x08003167   Thumb Code     0  startup_stm32f40_41xxx.o(.text)
    DCMI_IRQHandler                          0x08003167   Thumb Code     0  startup_stm32f40_41xxx.o(.text)
    DMA1_Stream0_IRQHandler                  0x08003167   Thumb Code     0  startup_stm32f40_41xxx.o(.text)
    DMA1_Stream1_IRQHandler                  0x08003167   Thumb Code     0  startup_stm32f40_41xxx.o(.text)
    DMA1_Stream2_IRQHandler                  0x08003167   Thumb Code     0  startup_stm32f40_41xxx.o(.text)
    DMA1_Stream3_IRQHandler                  0x08003167   Thumb Code     0  startup_stm32f40_41xxx.o(.text)
    DMA1_Stream4_IRQHandler                  0x08003167   Thumb Code     0  startup_stm32f40_41xxx.o(.text)
    DMA1_Stream5_IRQHandler                  0x08003167   Thumb Code     0  startup_stm32f40_41xxx.o(.text)
    DMA1_Stream6_IRQHandler                  0x08003167   Thumb Code     0  startup_stm32f40_41xxx.o(.text)
    DMA1_Stream7_IRQHandler                  0x08003167   Thumb Code     0  startup_stm32f40_41xxx.o(.text)
    DMA2_Stream0_IRQHandler                  0x08003167   Thumb Code     0  startup_stm32f40_41xxx.o(.text)
    DMA2_Stream1_IRQHandler                  0x08003167   Thumb Code     0  startup_stm32f40_41xxx.o(.text)
    DMA2_Stream2_IRQHandler                  0x08003167   Thumb Code     0  startup_stm32f40_41xxx.o(.text)
    DMA2_Stream3_IRQHandler                  0x08003167   Thumb Code     0  startup_stm32f40_41xxx.o(.text)
    DMA2_Stream4_IRQHandler                  0x08003167   Thumb Code     0  startup_stm32f40_41xxx.o(.text)
    DMA2_Stream5_IRQHandler                  0x08003167   Thumb Code     0  startup_stm32f40_41xxx.o(.text)
    DMA2_Stream6_IRQHandler                  0x08003167   Thumb Code     0  startup_stm32f40_41xxx.o(.text)
    DMA2_Stream7_IRQHandler                  0x08003167   Thumb Code     0  startup_stm32f40_41xxx.o(.text)
    ETH_IRQHandler                           0x08003167   Thumb Code     0  startup_stm32f40_41xxx.o(.text)
    ETH_WKUP_IRQHandler                      0x08003167   Thumb Code     0  startup_stm32f40_41xxx.o(.text)
    EXTI0_IRQHandler                         0x08003167   Thumb Code     0  startup_stm32f40_41xxx.o(.text)
    EXTI15_10_IRQHandler                     0x08003167   Thumb Code     0  startup_stm32f40_41xxx.o(.text)
    EXTI1_IRQHandler                         0x08003167   Thumb Code     0  startup_stm32f40_41xxx.o(.text)
    EXTI2_IRQHandler                         0x08003167   Thumb Code     0  startup_stm32f40_41xxx.o(.text)
    EXTI3_IRQHandler                         0x08003167   Thumb Code     0  startup_stm32f40_41xxx.o(.text)
    EXTI4_IRQHandler                         0x08003167   Thumb Code     0  startup_stm32f40_41xxx.o(.text)
    EXTI9_5_IRQHandler                       0x08003167   Thumb Code     0  startup_stm32f40_41xxx.o(.text)
    FLASH_IRQHandler                         0x08003167   Thumb Code     0  startup_stm32f40_41xxx.o(.text)
    FPU_IRQHandler                           0x08003167   Thumb Code     0  startup_stm32f40_41xxx.o(.text)
    FSMC_IRQHandler                          0x08003167   Thumb Code     0  startup_stm32f40_41xxx.o(.text)
    HASH_RNG_IRQHandler                      0x08003167   Thumb Code     0  startup_stm32f40_41xxx.o(.text)
    I2C1_ER_IRQHandler                       0x08003167   Thumb Code     0  startup_stm32f40_41xxx.o(.text)
    I2C1_EV_IRQHandler                       0x08003167   Thumb Code     0  startup_stm32f40_41xxx.o(.text)
    I2C2_ER_IRQHandler                       0x08003167   Thumb Code     0  startup_stm32f40_41xxx.o(.text)
    I2C2_EV_IRQHandler                       0x08003167   Thumb Code     0  startup_stm32f40_41xxx.o(.text)
    I2C3_ER_IRQHandler                       0x08003167   Thumb Code     0  startup_stm32f40_41xxx.o(.text)
    I2C3_EV_IRQHandler                       0x08003167   Thumb Code     0  startup_stm32f40_41xxx.o(.text)
    OTG_FS_IRQHandler                        0x08003167   Thumb Code     0  startup_stm32f40_41xxx.o(.text)
    OTG_FS_WKUP_IRQHandler                   0x08003167   Thumb Code     0  startup_stm32f40_41xxx.o(.text)
    OTG_HS_EP1_IN_IRQHandler                 0x08003167   Thumb Code     0  startup_stm32f40_41xxx.o(.text)
    OTG_HS_EP1_OUT_IRQHandler                0x08003167   Thumb Code     0  startup_stm32f40_41xxx.o(.text)
    OTG_HS_IRQHandler                        0x08003167   Thumb Code     0  startup_stm32f40_41xxx.o(.text)
    OTG_HS_WKUP_IRQHandler                   0x08003167   Thumb Code     0  startup_stm32f40_41xxx.o(.text)
    PVD_IRQHandler                           0x08003167   Thumb Code     0  startup_stm32f40_41xxx.o(.text)
    RCC_IRQHandler                           0x08003167   Thumb Code     0  startup_stm32f40_41xxx.o(.text)
    RTC_Alarm_IRQHandler                     0x08003167   Thumb Code     0  startup_stm32f40_41xxx.o(.text)
    RTC_WKUP_IRQHandler                      0x08003167   Thumb Code     0  startup_stm32f40_41xxx.o(.text)
    SDIO_IRQHandler                          0x08003167   Thumb Code     0  startup_stm32f40_41xxx.o(.text)
    SPI1_IRQHandler                          0x08003167   Thumb Code     0  startup_stm32f40_41xxx.o(.text)
    SPI2_IRQHandler                          0x08003167   Thumb Code     0  startup_stm32f40_41xxx.o(.text)
    SPI3_IRQHandler                          0x08003167   Thumb Code     0  startup_stm32f40_41xxx.o(.text)
    TAMP_STAMP_IRQHandler                    0x08003167   Thumb Code     0  startup_stm32f40_41xxx.o(.text)
    TIM1_BRK_TIM9_IRQHandler                 0x08003167   Thumb Code     0  startup_stm32f40_41xxx.o(.text)
    TIM1_CC_IRQHandler                       0x08003167   Thumb Code     0  startup_stm32f40_41xxx.o(.text)
    TIM1_TRG_COM_TIM11_IRQHandler            0x08003167   Thumb Code     0  startup_stm32f40_41xxx.o(.text)
    TIM1_UP_TIM10_IRQHandler                 0x08003167   Thumb Code     0  startup_stm32f40_41xxx.o(.text)
    TIM8_BRK_TIM12_IRQHandler                0x08003167   Thumb Code     0  startup_stm32f40_41xxx.o(.text)
    TIM8_CC_IRQHandler                       0x08003167   Thumb Code     0  startup_stm32f40_41xxx.o(.text)
    TIM8_TRG_COM_TIM14_IRQHandler            0x08003167   Thumb Code     0  startup_stm32f40_41xxx.o(.text)
    TIM8_UP_TIM13_IRQHandler                 0x08003167   Thumb Code     0  startup_stm32f40_41xxx.o(.text)
    UART4_IRQHandler                         0x08003167   Thumb Code     0  startup_stm32f40_41xxx.o(.text)
    UART5_IRQHandler                         0x08003167   Thumb Code     0  startup_stm32f40_41xxx.o(.text)
    USART2_IRQHandler                        0x08003167   Thumb Code     0  startup_stm32f40_41xxx.o(.text)
    USART3_IRQHandler                        0x08003167   Thumb Code     0  startup_stm32f40_41xxx.o(.text)
    USART6_IRQHandler                        0x08003167   Thumb Code     0  startup_stm32f40_41xxx.o(.text)
    WWDG_IRQHandler                          0x08003167   Thumb Code     0  startup_stm32f40_41xxx.o(.text)
    __user_initial_stackheap                 0x08003169   Thumb Code     0  startup_stm32f40_41xxx.o(.text)
    NVIC_PriorityGroupConfig                 0x0800318d   Thumb Code    10  misc.o(.text)
    NVIC_Init                                0x08003197   Thumb Code   106  misc.o(.text)
    NVIC_SetVectorTable                      0x08003201   Thumb Code    14  misc.o(.text)
    NVIC_SystemLPConfig                      0x0800320f   Thumb Code    34  misc.o(.text)
    SysTick_CLKSourceConfig                  0x08003231   Thumb Code    40  misc.o(.text)
    GPIO_DeInit                              0x0800326d   Thumb Code   268  stm32f4xx_gpio.o(.text)
    GPIO_Init                                0x08003379   Thumb Code   144  stm32f4xx_gpio.o(.text)
    GPIO_StructInit                          0x08003409   Thumb Code    18  stm32f4xx_gpio.o(.text)
    GPIO_PinLockConfig                       0x0800341b   Thumb Code    34  stm32f4xx_gpio.o(.text)
    GPIO_ReadInputDataBit                    0x0800343d   Thumb Code    18  stm32f4xx_gpio.o(.text)
    GPIO_ReadInputData                       0x0800344f   Thumb Code     8  stm32f4xx_gpio.o(.text)
    GPIO_ReadOutputDataBit                   0x08003457   Thumb Code    18  stm32f4xx_gpio.o(.text)
    GPIO_ReadOutputData                      0x08003469   Thumb Code     8  stm32f4xx_gpio.o(.text)
    GPIO_SetBits                             0x08003471   Thumb Code     4  stm32f4xx_gpio.o(.text)
    GPIO_ResetBits                           0x08003475   Thumb Code     4  stm32f4xx_gpio.o(.text)
    GPIO_WriteBit                            0x08003479   Thumb Code    10  stm32f4xx_gpio.o(.text)
    GPIO_Write                               0x08003483   Thumb Code     4  stm32f4xx_gpio.o(.text)
    GPIO_ToggleBits                          0x08003487   Thumb Code     8  stm32f4xx_gpio.o(.text)
    GPIO_PinAFConfig                         0x0800348f   Thumb Code    70  stm32f4xx_gpio.o(.text)
    USART_DeInit                             0x08003501   Thumb Code   206  stm32f4xx_usart.o(.text)
    USART_Init                               0x080035cf   Thumb Code   204  stm32f4xx_usart.o(.text)
    USART_StructInit                         0x0800369b   Thumb Code    24  stm32f4xx_usart.o(.text)
    USART_ClockInit                          0x080036b3   Thumb Code    32  stm32f4xx_usart.o(.text)
    USART_ClockStructInit                    0x080036d3   Thumb Code    12  stm32f4xx_usart.o(.text)
    USART_Cmd                                0x080036df   Thumb Code    24  stm32f4xx_usart.o(.text)
    USART_SetPrescaler                       0x080036f7   Thumb Code    16  stm32f4xx_usart.o(.text)
    USART_OverSampling8Cmd                   0x08003707   Thumb Code    22  stm32f4xx_usart.o(.text)
    USART_OneBitMethodCmd                    0x0800371d   Thumb Code    24  stm32f4xx_usart.o(.text)
    USART_SendData                           0x08003735   Thumb Code     8  stm32f4xx_usart.o(.text)
    USART_ReceiveData                        0x0800373d   Thumb Code    10  stm32f4xx_usart.o(.text)
    USART_SetAddress                         0x08003747   Thumb Code    18  stm32f4xx_usart.o(.text)
    USART_ReceiverWakeUpCmd                  0x08003759   Thumb Code    24  stm32f4xx_usart.o(.text)
    USART_WakeUpConfig                       0x08003771   Thumb Code    18  stm32f4xx_usart.o(.text)
    USART_LINBreakDetectLengthConfig         0x08003783   Thumb Code    18  stm32f4xx_usart.o(.text)
    USART_LINCmd                             0x08003795   Thumb Code    24  stm32f4xx_usart.o(.text)
    USART_SendBreak                          0x080037ad   Thumb Code    10  stm32f4xx_usart.o(.text)
    USART_HalfDuplexCmd                      0x080037b7   Thumb Code    24  stm32f4xx_usart.o(.text)
    USART_SetGuardTime                       0x080037cf   Thumb Code    16  stm32f4xx_usart.o(.text)
    USART_SmartCardCmd                       0x080037df   Thumb Code    24  stm32f4xx_usart.o(.text)
    USART_SmartCardNACKCmd                   0x080037f7   Thumb Code    24  stm32f4xx_usart.o(.text)
    USART_IrDAConfig                         0x0800380f   Thumb Code    18  stm32f4xx_usart.o(.text)
    USART_IrDACmd                            0x08003821   Thumb Code    24  stm32f4xx_usart.o(.text)
    USART_DMACmd                             0x08003839   Thumb Code    18  stm32f4xx_usart.o(.text)
    USART_ITConfig                           0x0800384b   Thumb Code    74  stm32f4xx_usart.o(.text)
    USART_GetFlagStatus                      0x08003895   Thumb Code    26  stm32f4xx_usart.o(.text)
    USART_ClearFlag                          0x080038af   Thumb Code    18  stm32f4xx_usart.o(.text)
    USART_GetITStatus                        0x080038c1   Thumb Code   118  stm32f4xx_usart.o(.text)
    USART_ClearITPendingBit                  0x08003937   Thumb Code    30  stm32f4xx_usart.o(.text)
    TIM_DeInit                               0x08003955   Thumb Code   346  stm32f4xx_tim.o(.text)
    TIM_TimeBaseInit                         0x08003aaf   Thumb Code   104  stm32f4xx_tim.o(.text)
    TIM_TimeBaseStructInit                   0x08003b17   Thumb Code    18  stm32f4xx_tim.o(.text)
    TIM_PrescalerConfig                      0x08003b29   Thumb Code     6  stm32f4xx_tim.o(.text)
    TIM_CounterModeConfig                    0x08003b2f   Thumb Code    18  stm32f4xx_tim.o(.text)
    TIM_SetCounter                           0x08003b41   Thumb Code     4  stm32f4xx_tim.o(.text)
    TIM_SetAutoreload                        0x08003b45   Thumb Code     4  stm32f4xx_tim.o(.text)
    TIM_GetCounter                           0x08003b49   Thumb Code     6  stm32f4xx_tim.o(.text)
    TIM_GetPrescaler                         0x08003b4f   Thumb Code     6  stm32f4xx_tim.o(.text)
    TIM_UpdateDisableConfig                  0x08003b55   Thumb Code    24  stm32f4xx_tim.o(.text)
    TIM_UpdateRequestConfig                  0x08003b6d   Thumb Code    24  stm32f4xx_tim.o(.text)
    TIM_ARRPreloadConfig                     0x08003b85   Thumb Code    24  stm32f4xx_tim.o(.text)
    TIM_SelectOnePulseMode                   0x08003b9d   Thumb Code    18  stm32f4xx_tim.o(.text)
    TIM_SetClockDivision                     0x08003baf   Thumb Code    18  stm32f4xx_tim.o(.text)
    TIM_Cmd                                  0x08003bc1   Thumb Code    24  stm32f4xx_tim.o(.text)
    TIM_OC1Init                              0x08003bd9   Thumb Code   114  stm32f4xx_tim.o(.text)
    TIM_OC2Init                              0x08003c4b   Thumb Code   154  stm32f4xx_tim.o(.text)
    TIM_OC3Init                              0x08003ce5   Thumb Code   204  stm32f4xx_tim.o(.text)
    TIM_OC4Init                              0x08003db1   Thumb Code   112  stm32f4xx_tim.o(.text)
    TIM_OCStructInit                         0x08003e21   Thumb Code    20  stm32f4xx_tim.o(.text)
    TIM_SelectOCxM                           0x08003e35   Thumb Code    86  stm32f4xx_tim.o(.text)
    TIM_SetCompare1                          0x08003e8b   Thumb Code     4  stm32f4xx_tim.o(.text)
    TIM_SetCompare2                          0x08003e8f   Thumb Code     4  stm32f4xx_tim.o(.text)
    TIM_SetCompare3                          0x08003e93   Thumb Code     4  stm32f4xx_tim.o(.text)
    TIM_SetCompare4                          0x08003e97   Thumb Code     4  stm32f4xx_tim.o(.text)
    TIM_ForcedOC1Config                      0x08003e9b   Thumb Code    18  stm32f4xx_tim.o(.text)
    TIM_ForcedOC2Config                      0x08003ead   Thumb Code    26  stm32f4xx_tim.o(.text)
    TIM_ForcedOC3Config                      0x08003ec7   Thumb Code    18  stm32f4xx_tim.o(.text)
    TIM_ForcedOC4Config                      0x08003ed9   Thumb Code    26  stm32f4xx_tim.o(.text)
    TIM_OC1PreloadConfig                     0x08003ef3   Thumb Code    18  stm32f4xx_tim.o(.text)
    TIM_OC2PreloadConfig                     0x08003f05   Thumb Code    26  stm32f4xx_tim.o(.text)
    TIM_OC3PreloadConfig                     0x08003f1f   Thumb Code    18  stm32f4xx_tim.o(.text)
    TIM_OC4PreloadConfig                     0x08003f31   Thumb Code    26  stm32f4xx_tim.o(.text)
    TIM_OC1FastConfig                        0x08003f4b   Thumb Code    18  stm32f4xx_tim.o(.text)
    TIM_OC2FastConfig                        0x08003f5d   Thumb Code    26  stm32f4xx_tim.o(.text)
    TIM_OC3FastConfig                        0x08003f77   Thumb Code    18  stm32f4xx_tim.o(.text)
    TIM_OC4FastConfig                        0x08003f89   Thumb Code    26  stm32f4xx_tim.o(.text)
    TIM_ClearOC1Ref                          0x08003fa3   Thumb Code    18  stm32f4xx_tim.o(.text)
    TIM_ClearOC2Ref                          0x08003fb5   Thumb Code    24  stm32f4xx_tim.o(.text)
    TIM_ClearOC3Ref                          0x08003fcd   Thumb Code    18  stm32f4xx_tim.o(.text)
    TIM_ClearOC4Ref                          0x08003fdf   Thumb Code    24  stm32f4xx_tim.o(.text)
    TIM_OC1PolarityConfig                    0x08003ff7   Thumb Code    18  stm32f4xx_tim.o(.text)
    TIM_OC1NPolarityConfig                   0x08004009   Thumb Code    18  stm32f4xx_tim.o(.text)
    TIM_OC2PolarityConfig                    0x0800401b   Thumb Code    26  stm32f4xx_tim.o(.text)
    TIM_OC2NPolarityConfig                   0x08004035   Thumb Code    26  stm32f4xx_tim.o(.text)
    TIM_OC3PolarityConfig                    0x0800404f   Thumb Code    26  stm32f4xx_tim.o(.text)
    TIM_OC3NPolarityConfig                   0x08004069   Thumb Code    26  stm32f4xx_tim.o(.text)
    TIM_OC4PolarityConfig                    0x08004083   Thumb Code    26  stm32f4xx_tim.o(.text)
    TIM_CCxCmd                               0x0800409d   Thumb Code    30  stm32f4xx_tim.o(.text)
    TIM_CCxNCmd                              0x080040bb   Thumb Code    30  stm32f4xx_tim.o(.text)
    TIM_SetIC4Prescaler                      0x080040d9   Thumb Code    26  stm32f4xx_tim.o(.text)
    TIM_SetIC3Prescaler                      0x08004143   Thumb Code    18  stm32f4xx_tim.o(.text)
    TIM_SetIC2Prescaler                      0x0800419d   Thumb Code    26  stm32f4xx_tim.o(.text)
    TIM_SetIC1Prescaler                      0x08004211   Thumb Code    18  stm32f4xx_tim.o(.text)
    TIM_ICInit                               0x0800425d   Thumb Code   110  stm32f4xx_tim.o(.text)
    TIM_ICStructInit                         0x080042cb   Thumb Code    18  stm32f4xx_tim.o(.text)
    TIM_PWMIConfig                           0x080042dd   Thumb Code   124  stm32f4xx_tim.o(.text)
    TIM_GetCapture1                          0x08004359   Thumb Code     6  stm32f4xx_tim.o(.text)
    TIM_GetCapture2                          0x0800435f   Thumb Code     6  stm32f4xx_tim.o(.text)
    TIM_GetCapture3                          0x08004365   Thumb Code     6  stm32f4xx_tim.o(.text)
    TIM_GetCapture4                          0x0800436b   Thumb Code     6  stm32f4xx_tim.o(.text)
    TIM_BDTRConfig                           0x08004371   Thumb Code    32  stm32f4xx_tim.o(.text)
    TIM_BDTRStructInit                       0x08004391   Thumb Code    18  stm32f4xx_tim.o(.text)
    TIM_CtrlPWMOutputs                       0x080043a3   Thumb Code    30  stm32f4xx_tim.o(.text)
    TIM_SelectCOM                            0x080043c1   Thumb Code    24  stm32f4xx_tim.o(.text)
    TIM_CCPreloadControl                     0x080043d9   Thumb Code    24  stm32f4xx_tim.o(.text)
    TIM_ITConfig                             0x080043f1   Thumb Code    18  stm32f4xx_tim.o(.text)
    TIM_GenerateEvent                        0x08004403   Thumb Code     4  stm32f4xx_tim.o(.text)
    TIM_GetFlagStatus                        0x08004407   Thumb Code    18  stm32f4xx_tim.o(.text)
    TIM_ClearFlag                            0x08004419   Thumb Code     6  stm32f4xx_tim.o(.text)
    TIM_GetITStatus                          0x0800441f   Thumb Code    34  stm32f4xx_tim.o(.text)
    TIM_ClearITPendingBit                    0x08004441   Thumb Code     6  stm32f4xx_tim.o(.text)
    TIM_DMAConfig                            0x08004447   Thumb Code    10  stm32f4xx_tim.o(.text)
    TIM_DMACmd                               0x08004451   Thumb Code    18  stm32f4xx_tim.o(.text)
    TIM_SelectCCDMA                          0x08004463   Thumb Code    24  stm32f4xx_tim.o(.text)
    TIM_InternalClockConfig                  0x0800447b   Thumb Code    12  stm32f4xx_tim.o(.text)
    TIM_SelectInputTrigger                   0x08004487   Thumb Code    18  stm32f4xx_tim.o(.text)
    TIM_ITRxExternalClockConfig              0x08004499   Thumb Code    24  stm32f4xx_tim.o(.text)
    TIM_TIxExternalClockConfig               0x080044b1   Thumb Code    62  stm32f4xx_tim.o(.text)
    TIM_ETRConfig                            0x080044ef   Thumb Code    28  stm32f4xx_tim.o(.text)
    TIM_ETRClockMode1Config                  0x0800450b   Thumb Code    54  stm32f4xx_tim.o(.text)
    TIM_ETRClockMode2Config                  0x08004541   Thumb Code    32  stm32f4xx_tim.o(.text)
    TIM_SelectOutputTrigger                  0x08004561   Thumb Code    18  stm32f4xx_tim.o(.text)
    TIM_SelectSlaveMode                      0x08004573   Thumb Code    18  stm32f4xx_tim.o(.text)
    TIM_SelectMasterSlaveMode                0x08004585   Thumb Code    18  stm32f4xx_tim.o(.text)
    TIM_EncoderInterfaceConfig               0x08004597   Thumb Code    66  stm32f4xx_tim.o(.text)
    TIM_SelectHallSensor                     0x080045d9   Thumb Code    24  stm32f4xx_tim.o(.text)
    TIM_RemapConfig                          0x080045f1   Thumb Code     6  stm32f4xx_tim.o(.text)
    RCC_DeInit                               0x080045f9   Thumb Code    82  stm32f4xx_rcc.o(.text)
    RCC_HSEConfig                            0x0800464b   Thumb Code    14  stm32f4xx_rcc.o(.text)
    RCC_GetFlagStatus                        0x08004659   Thumb Code    60  stm32f4xx_rcc.o(.text)
    RCC_WaitForHSEStartUp                    0x08004695   Thumb Code    56  stm32f4xx_rcc.o(.text)
    RCC_AdjustHSICalibrationValue            0x080046cd   Thumb Code    20  stm32f4xx_rcc.o(.text)
    RCC_HSICmd                               0x080046e1   Thumb Code     6  stm32f4xx_rcc.o(.text)
    RCC_LSEConfig                            0x080046e7   Thumb Code    46  stm32f4xx_rcc.o(.text)
    RCC_LSICmd                               0x08004715   Thumb Code     6  stm32f4xx_rcc.o(.text)
    RCC_PLLConfig                            0x0800471b   Thumb Code    32  stm32f4xx_rcc.o(.text)
    RCC_PLLCmd                               0x0800473b   Thumb Code     6  stm32f4xx_rcc.o(.text)
    RCC_PLLI2SConfig                         0x08004741   Thumb Code    14  stm32f4xx_rcc.o(.text)
    RCC_PLLI2SCmd                            0x0800474f   Thumb Code     6  stm32f4xx_rcc.o(.text)
    RCC_PLLSAIConfig                         0x08004755   Thumb Code    20  stm32f4xx_rcc.o(.text)
    RCC_PLLSAICmd                            0x08004769   Thumb Code     6  stm32f4xx_rcc.o(.text)
    RCC_ClockSecuritySystemCmd               0x0800476f   Thumb Code     6  stm32f4xx_rcc.o(.text)
    RCC_MCO1Config                           0x08004775   Thumb Code    28  stm32f4xx_rcc.o(.text)
    RCC_MCO2Config                           0x08004791   Thumb Code    28  stm32f4xx_rcc.o(.text)
    RCC_SYSCLKConfig                         0x080047ad   Thumb Code    20  stm32f4xx_rcc.o(.text)
    RCC_GetSYSCLKSource                      0x080047c1   Thumb Code    12  stm32f4xx_rcc.o(.text)
    RCC_HCLKConfig                           0x080047cd   Thumb Code    20  stm32f4xx_rcc.o(.text)
    RCC_PCLK1Config                          0x080047e1   Thumb Code    20  stm32f4xx_rcc.o(.text)
    RCC_PCLK2Config                          0x080047f5   Thumb Code    22  stm32f4xx_rcc.o(.text)
    RCC_GetClocksFreq                        0x0800480b   Thumb Code   222  stm32f4xx_rcc.o(.text)
    RCC_RTCCLKConfig                         0x080048e9   Thumb Code    54  stm32f4xx_rcc.o(.text)
    RCC_RTCCLKCmd                            0x0800491f   Thumb Code     8  stm32f4xx_rcc.o(.text)
    RCC_BackupResetCmd                       0x08004927   Thumb Code     8  stm32f4xx_rcc.o(.text)
    RCC_I2SCLKConfig                         0x0800492f   Thumb Code     6  stm32f4xx_rcc.o(.text)
    RCC_SAIPLLI2SClkDivConfig                0x08004935   Thumb Code    26  stm32f4xx_rcc.o(.text)
    RCC_SAIPLLSAIClkDivConfig                0x0800494f   Thumb Code    28  stm32f4xx_rcc.o(.text)
    RCC_SAIBlockACLKConfig                   0x0800496b   Thumb Code    20  stm32f4xx_rcc.o(.text)
    RCC_SAIBlockBCLKConfig                   0x0800497f   Thumb Code    20  stm32f4xx_rcc.o(.text)
    RCC_LTDCCLKDivConfig                     0x08004993   Thumb Code    20  stm32f4xx_rcc.o(.text)
    RCC_TIMCLKPresConfig                     0x080049a7   Thumb Code     6  stm32f4xx_rcc.o(.text)
    RCC_AHB1PeriphClockCmd                   0x080049ad   Thumb Code    34  stm32f4xx_rcc.o(.text)
    RCC_AHB2PeriphClockCmd                   0x080049cf   Thumb Code    78  stm32f4xx_rcc.o(.text)
    RCC_AHB3PeriphClockCmd                   0x08004a1d   Thumb Code    34  stm32f4xx_rcc.o(.text)
    RCC_APB1PeriphClockCmd                   0x08004a3f   Thumb Code    34  stm32f4xx_rcc.o(.text)
    RCC_APB2PeriphClockCmd                   0x08004a61   Thumb Code    34  stm32f4xx_rcc.o(.text)
    RCC_AHB1PeriphResetCmd                   0x08004a83   Thumb Code    34  stm32f4xx_rcc.o(.text)
    RCC_AHB2PeriphResetCmd                   0x08004aa5   Thumb Code    34  stm32f4xx_rcc.o(.text)
    RCC_AHB3PeriphResetCmd                   0x08004ac7   Thumb Code    34  stm32f4xx_rcc.o(.text)
    RCC_APB1PeriphResetCmd                   0x08004ae9   Thumb Code    34  stm32f4xx_rcc.o(.text)
    RCC_APB2PeriphResetCmd                   0x08004b0b   Thumb Code    34  stm32f4xx_rcc.o(.text)
    RCC_AHB1PeriphClockLPModeCmd             0x08004b2d   Thumb Code    34  stm32f4xx_rcc.o(.text)
    RCC_AHB2PeriphClockLPModeCmd             0x08004b4f   Thumb Code    34  stm32f4xx_rcc.o(.text)
    RCC_AHB3PeriphClockLPModeCmd             0x08004b71   Thumb Code    34  stm32f4xx_rcc.o(.text)
    RCC_APB1PeriphClockLPModeCmd             0x08004b93   Thumb Code    34  stm32f4xx_rcc.o(.text)
    RCC_APB2PeriphClockLPModeCmd             0x08004bb5   Thumb Code    34  stm32f4xx_rcc.o(.text)
    RCC_LSEModeConfig                        0x08004bd7   Thumb Code    40  stm32f4xx_rcc.o(.text)
    RCC_ITConfig                             0x08004bff   Thumb Code    34  stm32f4xx_rcc.o(.text)
    RCC_ClearFlag                            0x08004c21   Thumb Code    18  stm32f4xx_rcc.o(.text)
    RCC_GetITStatus                          0x08004c33   Thumb Code    22  stm32f4xx_rcc.o(.text)
    RCC_ClearITPendingBit                    0x08004c49   Thumb Code     8  stm32f4xx_rcc.o(.text)
    __use_no_semihosting                     0x08004c55   Thumb Code     2  use_no_semi_2.o(.text)
    __2printf                                0x08004c59   Thumb Code    20  noretval__2printf.o(.text)
    __2sprintf                               0x08004c71   Thumb Code    34  noretval__2sprintf.o(.text)
    _printf_int_dec                          0x08004c99   Thumb Code   104  _printf_dec.o(.text)
    _printf_int_hex                          0x08004d11   Thumb Code    84  _printf_hex_int.o(.text)
    _printf_longlong_hex                     0x08004d11   Thumb Code     0  _printf_hex_int.o(.text)
    __printf                                 0x08004d69   Thumb Code   270  __printf_wp.o(.text)
    __use_two_region_memory                  0x08004e77   Thumb Code     2  heapauxi.o(.text)
    __rt_heap_escrow$2region                 0x08004e79   Thumb Code     2  heapauxi.o(.text)
    __rt_heap_expand$2region                 0x08004e7b   Thumb Code     2  heapauxi.o(.text)
    __I$use$semihosting                      0x08004e7d   Thumb Code     0  use_no_semi.o(.text)
    __use_no_semihosting_swi                 0x08004e7d   Thumb Code     2  use_no_semi.o(.text)
    _printf_int_common                       0x08004e7f   Thumb Code   178  _printf_intcommon.o(.text)
    __lib_sel_fp_printf                      0x08004f31   Thumb Code     2  _printf_fp_dec.o(.text)
    _printf_fp_dec_real                      0x080050e3   Thumb Code   620  _printf_fp_dec.o(.text)
    _printf_char_common                      0x0800535b   Thumb Code    32  _printf_char_common.o(.text)
    _sputc                                   0x08005381   Thumb Code    10  _sputc.o(.text)
    _printf_char_file                        0x0800538d   Thumb Code    32  _printf_char_file.o(.text)
    __rt_locale                              0x080053b1   Thumb Code     8  rt_locale_intlibspace.o(.text)
    _ll_udiv10                               0x080053b9   Thumb Code   138  lludiv10.o(.text)
    _printf_fp_infnan                        0x08005445   Thumb Code   112  _printf_fp_infnan.o(.text)
    _btod_etento                             0x080054c5   Thumb Code   224  bigflt0.o(.text)
    ferror                                   0x080055a9   Thumb Code     8  ferror.o(.text)
    __user_libspace                          0x080055b1   Thumb Code     8  libspace.o(.text)
    __user_perproc_libspace                  0x080055b1   Thumb Code     0  libspace.o(.text)
    __user_perthread_libspace                0x080055b1   Thumb Code     0  libspace.o(.text)
    __user_setup_stackheap                   0x080055b9   Thumb Code    74  sys_stackheap_outer.o(.text)
    exit                                     0x08005603   Thumb Code    18  exit.o(.text)
    strcmp                                   0x08005615   Thumb Code   128  strcmpv7m.o(.text)
    _btod_d2e                                0x08005695   Thumb Code    62  btod.o(CL$$btod_d2e)
    _d2e_denorm_low                          0x080056d3   Thumb Code    70  btod.o(CL$$btod_d2e_denorm_low)
    _d2e_norm_op1                            0x08005719   Thumb Code    96  btod.o(CL$$btod_d2e_norm_op1)
    __btod_div_common                        0x08005779   Thumb Code   696  btod.o(CL$$btod_div_common)
    _e2e                                     0x08005ab1   Thumb Code   220  btod.o(CL$$btod_e2e)
    _btod_ediv                               0x08005b8d   Thumb Code    42  btod.o(CL$$btod_ediv)
    _btod_emul                               0x08005bb7   Thumb Code    42  btod.o(CL$$btod_emul)
    __btod_mult_common                       0x08005be1   Thumb Code   580  btod.o(CL$$btod_mult_common)
    __ARM_fpclassify                         0x08005e25   Thumb Code    48  fpclassify.o(i.__ARM_fpclassify)
    _is_digit                                0x08005e55   Thumb Code    14  __printf_wp.o(i._is_digit)
    _get_lc_numeric                          0x08005e65   Thumb Code    44  lc_numeric_c.o(locale$$code)
    __fpl_dretinf                            0x08005e91   Thumb Code    12  dretinf.o(x$fpl$dretinf)
    __aeabi_f2d                              0x08005e9d   Thumb Code     0  f2d.o(x$fpl$f2d)
    _f2d                                     0x08005e9d   Thumb Code    86  f2d.o(x$fpl$f2d)
    __fpl_fnaninf                            0x08005ef3   Thumb Code   140  fnaninf.o(x$fpl$fnaninf)
    _fp_init                                 0x08005f7f   Thumb Code    10  fpinit.o(x$fpl$fpinit)
    __fplib_config_fpu_vfp                   0x08005f87   Thumb Code     0  fpinit.o(x$fpl$fpinit)
    __fplib_config_pureend_doubles           0x08005f87   Thumb Code     0  fpinit.o(x$fpl$fpinit)
    _printf_fp_dec                           0x08005f89   Thumb Code     4  printf1.o(x$fpl$printf1)
    __I$use$fp                               0x08005f8c   Number         0  usenofp.o(x$fpl$usenofp)
    Region$$Table$$Base                      0x08007a20   Number         0  anon$$obj.o(Region$$Table)
    Region$$Table$$Limit                     0x08007a40   Number         0  anon$$obj.o(Region$$Table)
    CONTROL_MODE                             0x20000000   Data           1  main.o(.data)
    IS_USART1_RX_HEAD                        0x20000001   Data           1  main.o(.data)
    USART1_RX_BUF                            0x20000002   Data           4  main.o(.data)
    USART1_RX_DATA                           0x20000006   Data           4  main.o(.data)
    UART4_RX_DATA                            0x2000000a   Data           1  main.o(.data)
    led_val                                  0x2000000c   Data           2  main.o(.data)
    up_flag                                  0x2000000e   Data           1  main.o(.data)
    count_flag                               0x20000010   Data           4  main.o(.data)
    action_mode                              0x20000014   Data           1  main.o(.data)
    u4_action_mode                           0x20000015   Data           1  main.o(.data)
    IS_USART1_RX_Success                     0x20000016   Data           1  main.o(.data)
    TFT_String                               0x20000017   Data           2  main.o(.data)
    SystemCoreClock                          0x2000001c   Data           4  system_stm32f4xx.o(.data)
    AHBPrescTable                            0x20000020   Data          16  system_stm32f4xx.o(.data)
    Balance_Kp                               0x20000030   Data           4  pid.o(.data)
    Balance_Ki                               0x20000034   Data           4  pid.o(.data)
    Balance_Kd                               0x20000038   Data           4  pid.o(.data)
    Y_side_Kp                                0x2000003c   Data           4  pid.o(.data)
    Y_side_Ki                                0x20000040   Data           4  pid.o(.data)
    Y_side_Kd                                0x20000044   Data           4  pid.o(.data)
    LF_Speed_Kp                              0x20000048   Data           4  pid.o(.data)
    LF_Speed_Ki                              0x2000004c   Data           4  pid.o(.data)
    LF_Speed_Kd                              0x20000050   Data           4  pid.o(.data)
    LB_Speed_Kp                              0x20000054   Data           4  pid.o(.data)
    LB_Speed_Ki                              0x20000058   Data           4  pid.o(.data)
    LB_Speed_Kd                              0x2000005c   Data           4  pid.o(.data)
    RF_Speed_Kp                              0x20000060   Data           4  pid.o(.data)
    RF_Speed_Ki                              0x20000064   Data           4  pid.o(.data)
    RF_Speed_Kd                              0x20000068   Data           4  pid.o(.data)
    RB_Speed_Kp                              0x2000006c   Data           4  pid.o(.data)
    RB_Speed_Ki                              0x20000070   Data           4  pid.o(.data)
    RB_Speed_Kd                              0x20000074   Data           4  pid.o(.data)
    speed_target                             0x20000078   Data           4  pid.o(.data)
    speed_max                                0x2000007c   Data           4  pid.o(.data)
    target                                   0x20000080   Data           1  pid.o(.data)
    CAR_MODE                                 0x200000d4   Data           1  control.o(.data)
    step                                     0x200000d5   Data           1  control.o(.data)
    count                                    0x200000d6   Data           1  control.o(.data)
    front_data                               0x200000d8   Data           2  control.o(.data)
    right_data                               0x200000da   Data           2  control.o(.data)
    FIND_DRIVER                              0x200000dc   Data           1  find.o(.data)
    CURRENT_DIRATION                         0x200000dd   Data           1  find.o(.data)
    MOTOR_PWM                                0x200000e0   Data          16  motor.o(.data)
    MAX_MOTOR_PWM                            0x200000f0   Data           4  motor.o(.data)
    __stdout                                 0x200000f8   Data           4  usart.o(.data)
    USART_RX_STA                             0x200000fc   Data           2  usart.o(.data)
    ENCODER_DATA                             0x20000114   Data          16  encoder.o(.bss)
    __libspace_start                         0x20000124   Data          96  libspace.o(.bss)
    __temporary_stack_top$libspace           0x20000184   Data           0  libspace.o(.bss)



==============================================================================

Memory Map of the image

  Image Entry point : 0x08000189

  Load Region LR_IROM1 (Base: 0x08000000, Size: 0x00007b70, Max: 0x00080000, ABSOLUTE)

    Execution Region ER_IROM1 (Exec base: 0x08000000, Load base: 0x08000000, Size: 0x00007a5c, Max: 0x00080000, ABSOLUTE)

    Exec Addr    Load Addr    Size         Type   Attr      Idx    E Section Name        Object

    0x08000000   0x08000000   0x00000188   Data   RO          727    RESET               startup_stm32f40_41xxx.o
    0x08000188   0x08000188   0x00000008   Code   RO          917  * !!!main             c_w.l(__main.o)
    0x08000190   0x08000190   0x00000034   Code   RO         1141    !!!scatter          c_w.l(__scatter.o)
    0x080001c4   0x080001c4   0x0000001a   Code   RO         1143    !!handler_copy      c_w.l(__scatter_copy.o)
    0x080001de   0x080001de   0x00000002   PAD
    0x080001e0   0x080001e0   0x0000001c   Code   RO         1145    !!handler_zi        c_w.l(__scatter_zi.o)
    0x080001fc   0x080001fc   0x00000000   Code   RO          914    .ARM.Collect$$_printf_percent$$00000000  c_w.l(_printf_percent.o)
    0x080001fc   0x080001fc   0x00000006   Code   RO          913    .ARM.Collect$$_printf_percent$$00000003  c_w.l(_printf_f.o)
    0x08000202   0x08000202   0x00000006   Code   RO          912    .ARM.Collect$$_printf_percent$$00000009  c_w.l(_printf_d.o)
    0x08000208   0x08000208   0x00000006   Code   RO          911    .ARM.Collect$$_printf_percent$$0000000C  c_w.l(_printf_x.o)
    0x0800020e   0x0800020e   0x00000004   Code   RO          936    .ARM.Collect$$_printf_percent$$00000017  c_w.l(_printf_percent_end.o)
    0x08000212   0x08000212   0x00000002   Code   RO         1018    .ARM.Collect$$libinit$$00000000  c_w.l(libinit.o)
    0x08000214   0x08000214   0x00000004   Code   RO         1019    .ARM.Collect$$libinit$$00000001  c_w.l(libinit2.o)
    0x08000218   0x08000218   0x00000000   Code   RO         1022    .ARM.Collect$$libinit$$00000004  c_w.l(libinit2.o)
    0x08000218   0x08000218   0x00000000   Code   RO         1025    .ARM.Collect$$libinit$$0000000A  c_w.l(libinit2.o)
    0x08000218   0x08000218   0x00000000   Code   RO         1027    .ARM.Collect$$libinit$$0000000C  c_w.l(libinit2.o)
    0x08000218   0x08000218   0x00000000   Code   RO         1029    .ARM.Collect$$libinit$$0000000E  c_w.l(libinit2.o)
    0x08000218   0x08000218   0x00000006   Code   RO         1030    .ARM.Collect$$libinit$$0000000F  c_w.l(libinit2.o)
    0x0800021e   0x0800021e   0x00000000   Code   RO         1032    .ARM.Collect$$libinit$$00000011  c_w.l(libinit2.o)
    0x0800021e   0x0800021e   0x00000000   Code   RO         1034    .ARM.Collect$$libinit$$00000013  c_w.l(libinit2.o)
    0x0800021e   0x0800021e   0x00000000   Code   RO         1036    .ARM.Collect$$libinit$$00000015  c_w.l(libinit2.o)
    0x0800021e   0x0800021e   0x0000000a   Code   RO         1037    .ARM.Collect$$libinit$$00000016  c_w.l(libinit2.o)
    0x08000228   0x08000228   0x00000000   Code   RO         1038    .ARM.Collect$$libinit$$00000017  c_w.l(libinit2.o)
    0x08000228   0x08000228   0x00000000   Code   RO         1040    .ARM.Collect$$libinit$$00000019  c_w.l(libinit2.o)
    0x08000228   0x08000228   0x00000000   Code   RO         1042    .ARM.Collect$$libinit$$0000001B  c_w.l(libinit2.o)
    0x08000228   0x08000228   0x00000000   Code   RO         1044    .ARM.Collect$$libinit$$0000001D  c_w.l(libinit2.o)
    0x08000228   0x08000228   0x00000000   Code   RO         1046    .ARM.Collect$$libinit$$0000001F  c_w.l(libinit2.o)
    0x08000228   0x08000228   0x00000000   Code   RO         1048    .ARM.Collect$$libinit$$00000021  c_w.l(libinit2.o)
    0x08000228   0x08000228   0x00000000   Code   RO         1050    .ARM.Collect$$libinit$$00000023  c_w.l(libinit2.o)
    0x08000228   0x08000228   0x00000000   Code   RO         1052    .ARM.Collect$$libinit$$00000025  c_w.l(libinit2.o)
    0x08000228   0x08000228   0x00000000   Code   RO         1056    .ARM.Collect$$libinit$$0000002C  c_w.l(libinit2.o)
    0x08000228   0x08000228   0x00000000   Code   RO         1058    .ARM.Collect$$libinit$$0000002E  c_w.l(libinit2.o)
    0x08000228   0x08000228   0x00000000   Code   RO         1060    .ARM.Collect$$libinit$$00000030  c_w.l(libinit2.o)
    0x08000228   0x08000228   0x00000000   Code   RO         1062    .ARM.Collect$$libinit$$00000032  c_w.l(libinit2.o)
    0x08000228   0x08000228   0x00000002   Code   RO         1063    .ARM.Collect$$libinit$$00000033  c_w.l(libinit2.o)
    0x0800022a   0x0800022a   0x00000002   Code   RO         1091    .ARM.Collect$$libshutdown$$00000000  c_w.l(libshutdown.o)
    0x0800022c   0x0800022c   0x00000000   Code   RO         1100    .ARM.Collect$$libshutdown$$00000002  c_w.l(libshutdown2.o)
    0x0800022c   0x0800022c   0x00000000   Code   RO         1102    .ARM.Collect$$libshutdown$$00000004  c_w.l(libshutdown2.o)
    0x0800022c   0x0800022c   0x00000000   Code   RO         1105    .ARM.Collect$$libshutdown$$00000007  c_w.l(libshutdown2.o)
    0x0800022c   0x0800022c   0x00000000   Code   RO         1108    .ARM.Collect$$libshutdown$$0000000A  c_w.l(libshutdown2.o)
    0x0800022c   0x0800022c   0x00000000   Code   RO         1110    .ARM.Collect$$libshutdown$$0000000C  c_w.l(libshutdown2.o)
    0x0800022c   0x0800022c   0x00000000   Code   RO         1113    .ARM.Collect$$libshutdown$$0000000F  c_w.l(libshutdown2.o)
    0x0800022c   0x0800022c   0x00000002   Code   RO         1114    .ARM.Collect$$libshutdown$$00000010  c_w.l(libshutdown2.o)
    0x0800022e   0x0800022e   0x00000000   Code   RO          925    .ARM.Collect$$rtentry$$00000000  c_w.l(__rtentry.o)
    0x0800022e   0x0800022e   0x00000000   Code   RO          943    .ARM.Collect$$rtentry$$00000002  c_w.l(__rtentry2.o)
    0x0800022e   0x0800022e   0x00000006   Code   RO          955    .ARM.Collect$$rtentry$$00000004  c_w.l(__rtentry4.o)
    0x08000234   0x08000234   0x00000000   Code   RO          945    .ARM.Collect$$rtentry$$00000009  c_w.l(__rtentry2.o)
    0x08000234   0x08000234   0x00000004   Code   RO          946    .ARM.Collect$$rtentry$$0000000A  c_w.l(__rtentry2.o)
    0x08000238   0x08000238   0x00000000   Code   RO          948    .ARM.Collect$$rtentry$$0000000C  c_w.l(__rtentry2.o)
    0x08000238   0x08000238   0x00000008   Code   RO          949    .ARM.Collect$$rtentry$$0000000D  c_w.l(__rtentry2.o)
    0x08000240   0x08000240   0x00000002   Code   RO         1064    .ARM.Collect$$rtexit$$00000000  c_w.l(rtexit.o)
    0x08000242   0x08000242   0x00000000   Code   RO         1071    .ARM.Collect$$rtexit$$00000002  c_w.l(rtexit2.o)
    0x08000242   0x08000242   0x00000004   Code   RO         1072    .ARM.Collect$$rtexit$$00000003  c_w.l(rtexit2.o)
    0x08000246   0x08000246   0x00000006   Code   RO         1073    .ARM.Collect$$rtexit$$00000004  c_w.l(rtexit2.o)
    0x0800024c   0x0800024c   0x00000284   Code   RO            3    .text               main.o
    0x080004d0   0x080004d0   0x0000001a   Code   RO          209    .text               stm32f4xx_it.o
    0x080004ea   0x080004ea   0x00000002   PAD
    0x080004ec   0x080004ec   0x00000210   Code   RO          258    .text               system_stm32f4xx.o
    0x080006fc   0x080006fc   0x00000464   Code   RO          284    .text               pid.o
    0x08000b60   0x08000b60   0x00000874   Code   RO          315    .text               control.o
    0x080013d4   0x080013d4   0x00000940   Code   RO          346    .text               gui.o
    0x08001d14   0x08001d14   0x00000430   Code   RO          372    .text               lcd_driver.o
    0x08002144   0x08002144   0x00000068   Code   RO          421    .text               encoder.o
    0x080021ac   0x080021ac   0x0000035c   Code   RO          449    .text               find.o
    0x08002508   0x08002508   0x0000042c   Code   RO          477    .text               motor.o
    0x08002934   0x08002934   0x00000104   Code   RO          505    .text               delay.o
    0x08002a38   0x08002a38   0x0000015c   Code   RO          548    .text               usart.o
    0x08002b94   0x08002b94   0x000000dc   Code   RO          580    .text               timer2.o
    0x08002c70   0x08002c70   0x000000c8   Code   RO          600    .text               timer3.o
    0x08002d38   0x08002d38   0x000000cc   Code   RO          620    .text               timer4.o
    0x08002e04   0x08002e04   0x000000cc   Code   RO          640    .text               timer5.o
    0x08002ed0   0x08002ed0   0x00000064   Code   RO          660    .text               timer6.o
    0x08002f34   0x08002f34   0x00000110   Code   RO          682    .text               timer7.o
    0x08003044   0x08003044   0x00000108   Code   RO          704    .text               timer8.o
    0x0800314c   0x0800314c   0x00000040   Code   RO          728    .text               startup_stm32f40_41xxx.o
    0x0800318c   0x0800318c   0x000000e0   Code   RO          734    .text               misc.o
    0x0800326c   0x0800326c   0x00000294   Code   RO          754    .text               stm32f4xx_gpio.o
    0x08003500   0x08003500   0x00000454   Code   RO          774    .text               stm32f4xx_usart.o
    0x08003954   0x08003954   0x00000ca2   Code   RO          794    .text               stm32f4xx_tim.o
    0x080045f6   0x080045f6   0x00000002   PAD
    0x080045f8   0x080045f8   0x0000065c   Code   RO          834    .text               stm32f4xx_rcc.o
    0x08004c54   0x08004c54   0x00000002   Code   RO          856    .text               c_w.l(use_no_semi_2.o)
    0x08004c56   0x08004c56   0x00000002   PAD
    0x08004c58   0x08004c58   0x00000018   Code   RO          862    .text               c_w.l(noretval__2printf.o)
    0x08004c70   0x08004c70   0x00000028   Code   RO          864    .text               c_w.l(noretval__2sprintf.o)
    0x08004c98   0x08004c98   0x00000078   Code   RO          868    .text               c_w.l(_printf_dec.o)
    0x08004d10   0x08004d10   0x00000058   Code   RO          873    .text               c_w.l(_printf_hex_int.o)
    0x08004d68   0x08004d68   0x0000010e   Code   RO          899    .text               c_w.l(__printf_wp.o)
    0x08004e76   0x08004e76   0x00000006   Code   RO          915    .text               c_w.l(heapauxi.o)
    0x08004e7c   0x08004e7c   0x00000002   Code   RO          923    .text               c_w.l(use_no_semi.o)
    0x08004e7e   0x08004e7e   0x000000b2   Code   RO          926    .text               c_w.l(_printf_intcommon.o)
    0x08004f30   0x08004f30   0x0000041e   Code   RO          928    .text               c_w.l(_printf_fp_dec.o)
    0x0800534e   0x0800534e   0x00000002   PAD
    0x08005350   0x08005350   0x00000030   Code   RO          930    .text               c_w.l(_printf_char_common.o)
    0x08005380   0x08005380   0x0000000a   Code   RO          932    .text               c_w.l(_sputc.o)
    0x0800538a   0x0800538a   0x00000002   PAD
    0x0800538c   0x0800538c   0x00000024   Code   RO          934    .text               c_w.l(_printf_char_file.o)
    0x080053b0   0x080053b0   0x00000008   Code   RO          960    .text               c_w.l(rt_locale_intlibspace.o)
    0x080053b8   0x080053b8   0x0000008a   Code   RO          962    .text               c_w.l(lludiv10.o)
    0x08005442   0x08005442   0x00000002   PAD
    0x08005444   0x08005444   0x00000080   Code   RO          964    .text               c_w.l(_printf_fp_infnan.o)
    0x080054c4   0x080054c4   0x000000e4   Code   RO          968    .text               c_w.l(bigflt0.o)
    0x080055a8   0x080055a8   0x00000008   Code   RO          993    .text               c_w.l(ferror.o)
    0x080055b0   0x080055b0   0x00000008   Code   RO         1004    .text               c_w.l(libspace.o)
    0x080055b8   0x080055b8   0x0000004a   Code   RO         1007    .text               c_w.l(sys_stackheap_outer.o)
    0x08005602   0x08005602   0x00000012   Code   RO         1009    .text               c_w.l(exit.o)
    0x08005614   0x08005614   0x00000080   Code   RO         1011    .text               c_w.l(strcmpv7m.o)
    0x08005694   0x08005694   0x0000003e   Code   RO          971    CL$$btod_d2e        c_w.l(btod.o)
    0x080056d2   0x080056d2   0x00000046   Code   RO          973    CL$$btod_d2e_denorm_low  c_w.l(btod.o)
    0x08005718   0x08005718   0x00000060   Code   RO          972    CL$$btod_d2e_norm_op1  c_w.l(btod.o)
    0x08005778   0x08005778   0x00000338   Code   RO          981    CL$$btod_div_common  c_w.l(btod.o)
    0x08005ab0   0x08005ab0   0x000000dc   Code   RO          978    CL$$btod_e2e        c_w.l(btod.o)
    0x08005b8c   0x08005b8c   0x0000002a   Code   RO          975    CL$$btod_ediv       c_w.l(btod.o)
    0x08005bb6   0x08005bb6   0x0000002a   Code   RO          974    CL$$btod_emul       c_w.l(btod.o)
    0x08005be0   0x08005be0   0x00000244   Code   RO          980    CL$$btod_mult_common  c_w.l(btod.o)
    0x08005e24   0x08005e24   0x00000030   Code   RO         1002    i.__ARM_fpclassify  m_wm.l(fpclassify.o)
    0x08005e54   0x08005e54   0x0000000e   Code   RO          901    i._is_digit         c_w.l(__printf_wp.o)
    0x08005e62   0x08005e62   0x00000002   PAD
    0x08005e64   0x08005e64   0x0000002c   Code   RO          998    locale$$code        c_w.l(lc_numeric_c.o)
    0x08005e90   0x08005e90   0x0000000c   Code   RO          937    x$fpl$dretinf       fz_wm.l(dretinf.o)
    0x08005e9c   0x08005e9c   0x00000056   Code   RO          919    x$fpl$f2d           fz_wm.l(f2d.o)
    0x08005ef2   0x08005ef2   0x0000008c   Code   RO          939    x$fpl$fnaninf       fz_wm.l(fnaninf.o)
    0x08005f7e   0x08005f7e   0x0000000a   Code   RO         1068    x$fpl$fpinit        fz_wm.l(fpinit.o)
    0x08005f88   0x08005f88   0x00000004   Code   RO          921    x$fpl$printf1       fz_wm.l(printf1.o)
    0x08005f8c   0x08005f8c   0x00000000   Code   RO          941    x$fpl$usenofp       fz_wm.l(usenofp.o)
    0x08005f8c   0x08005f8c   0x000019d8   Data   RO          347    .constdata          gui.o
    0x08007964   0x08007964   0x00000028   Data   RO          874    .constdata          c_w.l(_printf_hex_int.o)
    0x0800798c   0x0800798c   0x00000094   Data   RO          969    .constdata          c_w.l(bigflt0.o)
    0x08007a20   0x08007a20   0x00000020   Data   RO         1139    Region$$Table       anon$$obj.o
    0x08007a40   0x08007a40   0x0000001c   Data   RO          997    locale$$data        c_w.l(lc_numeric_c.o)


    Execution Region RW_IRAM1 (Exec base: 0x20000000, Load base: 0x08007a5c, Size: 0x00000788, Max: 0x00020000, ABSOLUTE)

    Exec Addr    Load Addr    Size         Type   Attr      Idx    E Section Name        Object

    0x20000000   0x08007a5c   0x00000019   Data   RW            5    .data               main.o
    0x20000019   0x08007a75   0x00000003   PAD
    0x2000001c   0x08007a78   0x00000014   Data   RW          259    .data               system_stm32f4xx.o
    0x20000030   0x08007a8c   0x000000a4   Data   RW          286    .data               pid.o
    0x200000d4   0x08007b30   0x00000008   Data   RW          317    .data               control.o
    0x200000dc   0x08007b38   0x00000002   Data   RW          451    .data               find.o
    0x200000de   0x08007b3a   0x00000002   PAD
    0x200000e0   0x08007b3c   0x00000014   Data   RW          479    .data               motor.o
    0x200000f4   0x08007b50   0x00000004   Data   RW          507    .data               delay.o
    0x200000f8   0x08007b54   0x00000009   Data   RW          551    .data               usart.o
    0x20000101   0x08007b5d   0x00000010   Data   RW          835    .data               stm32f4xx_rcc.o
    0x20000111   0x08007b6d   0x00000003   PAD
    0x20000114        -       0x00000010   Zero   RW          422    .bss                encoder.o
    0x20000124        -       0x00000060   Zero   RW         1005    .bss                c_w.l(libspace.o)
    0x20000184   0x08007b6d   0x00000004   PAD
    0x20000188        -       0x00000200   Zero   RW          726    HEAP                startup_stm32f40_41xxx.o
    0x20000388        -       0x00000400   Zero   RW          725    STACK               startup_stm32f40_41xxx.o


==============================================================================

Image component sizes


      Code (inc. data)   RO Data    RW Data    ZI Data      Debug   Object Name

      2164         90          0          8          0       3607   control.o
       260          8          0          4          0       1661   delay.o
       104         14          0          0         16       1454   encoder.o
       860         46          0          2          0       2474   find.o
      2368         18       6616          0          0       5966   gui.o
      1072         12          0          0          0       3661   lcd_driver.o
       644        108          0         25          0     285077   main.o
       224         20          0          0          0       1929   misc.o
      1068         30          0         20          0       4955   motor.o
      1124        176          0        164          0       3587   pid.o
        64         26        392          0       1536        868   startup_stm32f40_41xxx.o
       660         44          0          0          0       4273   stm32f4xx_gpio.o
        26          0          0          0          0       1278   stm32f4xx_it.o
      1628         52          0         16          0      13200   stm32f4xx_rcc.o
      3234         60          0          0          0      23128   stm32f4xx_tim.o
      1108         34          0          0          0       7996   stm32f4xx_usart.o
       528         46          0         20          0       1947   system_stm32f4xx.o
       220          8          0          0          0        896   timer2.o
       200         10          0          0          0        888   timer3.o
       204          8          0          0          0        888   timer4.o
       204          8          0          0          0        888   timer5.o
       100          6          0          0          0        748   timer6.o
       272         68          0          0          0       1040   timer7.o
       264          8          0          0          0        905   timer8.o
       348         32          0          9          0       3686   usart.o

    ----------------------------------------------------------------------
     18952        932       7040        276       1552     377000   Object Totals
         0          0         32          0          0          0   (incl. Generated)
         4          0          0          8          0          0   (incl. Padding)

    ----------------------------------------------------------------------

      Code (inc. data)   RO Data    RW Data    ZI Data      Debug   Library Member Name

         8          0          0          0          0         68   __main.o
       284          0          0          0          0        156   __printf_wp.o
         0          0          0          0          0          0   __rtentry.o
        12          0          0          0          0          0   __rtentry2.o
         6          0          0          0          0          0   __rtentry4.o
        52          8          0          0          0          0   __scatter.o
        26          0          0          0          0          0   __scatter_copy.o
        28          0          0          0          0          0   __scatter_zi.o
        48          6          0          0          0         96   _printf_char_common.o
        36          4          0          0          0         80   _printf_char_file.o
         6          0          0          0          0          0   _printf_d.o
       120         16          0          0          0         92   _printf_dec.o
         6          0          0          0          0          0   _printf_f.o
      1054          0          0          0          0        216   _printf_fp_dec.o
       128         16          0          0          0         84   _printf_fp_infnan.o
        88          4         40          0          0         88   _printf_hex_int.o
       178          0          0          0          0         88   _printf_intcommon.o
         0          0          0          0          0          0   _printf_percent.o
         4          0          0          0          0          0   _printf_percent_end.o
         6          0          0          0          0          0   _printf_x.o
        10          0          0          0          0         68   _sputc.o
       228          4        148          0          0         96   bigflt0.o
      1936        128          0          0          0        672   btod.o
        18          0          0          0          0         80   exit.o
         8          0          0          0          0         68   ferror.o
         6          0          0          0          0        152   heapauxi.o
        44         10         28          0          0         76   lc_numeric_c.o
         2          0          0          0          0          0   libinit.o
        22          0          0          0          0          0   libinit2.o
         2          0          0          0          0          0   libshutdown.o
         2          0          0          0          0          0   libshutdown2.o
         8          4          0          0         96         68   libspace.o
       138          0          0          0          0         80   lludiv10.o
        24          4          0          0          0         84   noretval__2printf.o
        40          6          0          0          0         84   noretval__2sprintf.o
         8          4          0          0          0         68   rt_locale_intlibspace.o
         2          0          0          0          0          0   rtexit.o
        10          0          0          0          0          0   rtexit2.o
       128          0          0          0          0         68   strcmpv7m.o
        74          0          0          0          0         80   sys_stackheap_outer.o
         2          0          0          0          0         68   use_no_semi.o
         2          0          0          0          0         68   use_no_semi_2.o
        12          0          0          0          0        116   dretinf.o
        86          4          0          0          0        132   f2d.o
       140          4          0          0          0        132   fnaninf.o
        10          0          0          0          0        116   fpinit.o
         4          0          0          0          0        116   printf1.o
         0          0          0          0          0          0   usenofp.o
        48          0          0          0          0        124   fpclassify.o

    ----------------------------------------------------------------------
      5116        222        216          0        100       3584   Library Totals
        12          0          0          0          4          0   (incl. Padding)

    ----------------------------------------------------------------------

      Code (inc. data)   RO Data    RW Data    ZI Data      Debug   Library Name

      4804        214        216          0         96       2848   c_w.l
       252          8          0          0          0        612   fz_wm.l
        48          0          0          0          0        124   m_wm.l

    ----------------------------------------------------------------------
      5116        222        216          0        100       3584   Library Totals

    ----------------------------------------------------------------------

==============================================================================


      Code (inc. data)   RO Data    RW Data    ZI Data      Debug   

     24068       1154       7256        276       1652     374624   Grand Totals
     24068       1154       7256        276       1652     374624   ELF Image Totals
     24068       1154       7256        276          0          0   ROM Totals

==============================================================================

    Total RO  Size (Code + RO Data)                31324 (  30.59kB)
    Total RW  Size (RW Data + ZI Data)              1928 (   1.88kB)
    Total ROM Size (Code + RO Data + RW Data)      31600 (  30.86kB)

==============================================================================

